Archive member included because of file (symbol)

d:/es/embedded system/sdk/imt_sdk_win_64/winavr/bin/../lib/gcc/avr/4.3.3/avr5\libgcc.a(_divmodhi4.o)
                              ./COTS/MCAL/MDIO/MDIO_prog.o (__divmodhi4)
d:/es/embedded system/sdk/imt_sdk_win_64/winavr/bin/../lib/gcc/avr/4.3.3/avr5\libgcc.a(_exit.o)
                              d:/es/embedded system/sdk/imt_sdk_win_64/winavr/bin/../lib/gcc/avr/4.3.3/../../../../avr/lib/avr5/crtm32.o (exit)
d:/es/embedded system/sdk/imt_sdk_win_64/winavr/bin/../lib/gcc/avr/4.3.3/avr5\libgcc.a(_copy_data.o)
                              ./COTS/HAL/HSSD/HSSD_prog.o (__do_copy_data)
d:/es/embedded system/sdk/imt_sdk_win_64/winavr/bin/../lib/gcc/avr/4.3.3/avr5\libgcc.a(_clear_bss.o)
                              ./COTS/MCAL/MTimers/MTimers_program.o (__do_clear_bss)
d:/es/embedded system/sdk/imt_sdk_win_64/winavr/bin/../lib/gcc/avr/4.3.3/avr5\libgcc.a(_udivmodhi4.o)
                              d:/es/embedded system/sdk/imt_sdk_win_64/winavr/bin/../lib/gcc/avr/4.3.3/avr5\libgcc.a(_divmodhi4.o) (__udivmodhi4)

Memory Configuration

Name             Origin             Length             Attributes
text             0x00000000         0x00020000         xr
data             0x00800060         0x0000ffa0         rw !x
eeprom           0x00810000         0x00010000         rw !x
fuse             0x00820000         0x00000400         rw !x
lock             0x00830000         0x00000400         rw !x
signature        0x00840000         0x00000400         rw !x
*default*        0x00000000         0xffffffff

Linker script and memory map

LOAD d:/es/embedded system/sdk/imt_sdk_win_64/winavr/bin/../lib/gcc/avr/4.3.3/../../../../avr/lib/avr5/crtm32.o
LOAD ./COTS/MCAL/MTimers/MTimers_program.o
LOAD ./COTS/MCAL/MGIE/MGIE_program.o
LOAD ./COTS/MCAL/MEXTI/MEXTI_program.o
LOAD ./COTS/MCAL/MDIO/MDIO_prog.o
LOAD ./COTS/MCAL/MADC/MADC_program.o
LOAD ./COTS/HAL/HSSD/HSSD_prog.o
LOAD ./COTS/HAL/HLM35/HLM35_program.o
LOAD ./COTS/HAL/HLDR/HLDR_program.o
LOAD ./COTS/HAL/HLCD/HLCD_progr.o
LOAD ./COTS/HAL/HKEYPAD/HKEYPAD_prog.o
LOAD ./COTS/HAL/HDCM/HDCM_program.o
LOAD ./COTS/APP/main.o
LOAD d:/es/embedded system/sdk/imt_sdk_win_64/winavr/bin/../lib/gcc/avr/4.3.3/avr5\libgcc.a
LOAD d:/es/embedded system/sdk/imt_sdk_win_64/winavr/bin/../lib/gcc/avr/4.3.3/../../../../avr/lib/avr5\libc.a
LOAD d:/es/embedded system/sdk/imt_sdk_win_64/winavr/bin/../lib/gcc/avr/4.3.3/avr5\libgcc.a

.hash
 *(.hash)

.dynsym
 *(.dynsym)

.dynstr
 *(.dynstr)

.gnu.version
 *(.gnu.version)

.gnu.version_d
 *(.gnu.version_d)

.gnu.version_r
 *(.gnu.version_r)

.rel.init
 *(.rel.init)

.rela.init
 *(.rela.init)

.rel.text
 *(.rel.text)
 *(.rel.text.*)
 *(.rel.gnu.linkonce.t*)

.rela.text
 *(.rela.text)
 *(.rela.text.*)
 *(.rela.gnu.linkonce.t*)

.rel.fini
 *(.rel.fini)

.rela.fini
 *(.rela.fini)

.rel.rodata
 *(.rel.rodata)
 *(.rel.rodata.*)
 *(.rel.gnu.linkonce.r*)

.rela.rodata
 *(.rela.rodata)
 *(.rela.rodata.*)
 *(.rela.gnu.linkonce.r*)

.rel.data
 *(.rel.data)
 *(.rel.data.*)
 *(.rel.gnu.linkonce.d*)

.rela.data
 *(.rela.data)
 *(.rela.data.*)
 *(.rela.gnu.linkonce.d*)

.rel.ctors
 *(.rel.ctors)

.rela.ctors
 *(.rela.ctors)

.rel.dtors
 *(.rel.dtors)

.rela.dtors
 *(.rela.dtors)

.rel.got
 *(.rel.got)

.rela.got
 *(.rela.got)

.rel.bss
 *(.rel.bss)

.rela.bss
 *(.rela.bss)

.rel.plt
 *(.rel.plt)

.rela.plt
 *(.rela.plt)

.text           0x00000000     0x128c
 *(.vectors)
 .vectors       0x00000000       0x54 d:/es/embedded system/sdk/imt_sdk_win_64/winavr/bin/../lib/gcc/avr/4.3.3/../../../../avr/lib/avr5/crtm32.o
                0x00000000                __vectors
                0x00000000                __vector_default
 *(.vectors)
 *(.progmem.gcc*)
 *(.progmem*)
                0x00000054                . = ALIGN (0x2)
                0x00000054                __trampolines_start = .
 *(.trampolines)
 .trampolines   0x00000054        0x0 linker stubs
 *(.trampolines*)
                0x00000054                __trampolines_end = .
 *(.jumptables)
 *(.jumptables*)
 *(.lowtext)
 *(.lowtext*)
                0x00000054                __ctors_start = .
 *(.ctors)
                0x00000054                __ctors_end = .
                0x00000054                __dtors_start = .
 *(.dtors)
                0x00000054                __dtors_end = .
 SORT(*)(.ctors)
 SORT(*)(.dtors)
 *(.init0)
 .init0         0x00000054        0x0 d:/es/embedded system/sdk/imt_sdk_win_64/winavr/bin/../lib/gcc/avr/4.3.3/../../../../avr/lib/avr5/crtm32.o
                0x00000054                __init
 *(.init0)
 *(.init1)
 *(.init1)
 *(.init2)
 .init2         0x00000054        0xc d:/es/embedded system/sdk/imt_sdk_win_64/winavr/bin/../lib/gcc/avr/4.3.3/../../../../avr/lib/avr5/crtm32.o
 *(.init2)
 *(.init3)
 *(.init3)
 *(.init4)
 .init4         0x00000060       0x16 d:/es/embedded system/sdk/imt_sdk_win_64/winavr/bin/../lib/gcc/avr/4.3.3/avr5\libgcc.a(_copy_data.o)
                0x00000060                __do_copy_data
 .init4         0x00000076       0x10 d:/es/embedded system/sdk/imt_sdk_win_64/winavr/bin/../lib/gcc/avr/4.3.3/avr5\libgcc.a(_clear_bss.o)
                0x00000076                __do_clear_bss
 *(.init4)
 *(.init5)
 *(.init5)
 *(.init6)
 *(.init6)
 *(.init7)
 *(.init7)
 *(.init8)
 *(.init8)
 *(.init9)
 .init9         0x00000086        0x8 d:/es/embedded system/sdk/imt_sdk_win_64/winavr/bin/../lib/gcc/avr/4.3.3/../../../../avr/lib/avr5/crtm32.o
 *(.init9)
 *(.text)
 .text          0x0000008e        0x4 d:/es/embedded system/sdk/imt_sdk_win_64/winavr/bin/../lib/gcc/avr/4.3.3/../../../../avr/lib/avr5/crtm32.o
                0x0000008e                __vector_1
                0x0000008e                __vector_12
                0x0000008e                __bad_interrupt
                0x0000008e                __vector_3
                0x0000008e                __vector_13
                0x0000008e                __vector_17
                0x0000008e                __vector_19
                0x0000008e                __vector_2
                0x0000008e                __vector_15
                0x0000008e                __vector_14
                0x0000008e                __vector_16
                0x0000008e                __vector_18
                0x0000008e                __vector_20
 .text          0x00000092        0x0 ./COTS/MCAL/MTimers/MTimers_program.o
 .text          0x00000092        0x0 ./COTS/MCAL/MGIE/MGIE_program.o
 .text          0x00000092        0x0 ./COTS/MCAL/MEXTI/MEXTI_program.o
 .text          0x00000092        0x0 ./COTS/MCAL/MDIO/MDIO_prog.o
 .text          0x00000092        0x0 ./COTS/MCAL/MADC/MADC_program.o
 .text          0x00000092        0x0 ./COTS/HAL/HSSD/HSSD_prog.o
 .text          0x00000092        0x0 ./COTS/HAL/HLM35/HLM35_program.o
 .text          0x00000092        0x0 ./COTS/HAL/HLDR/HLDR_program.o
 .text          0x00000092        0x0 ./COTS/HAL/HLCD/HLCD_progr.o
 .text          0x00000092        0x0 ./COTS/HAL/HKEYPAD/HKEYPAD_prog.o
 .text          0x00000092        0x0 ./COTS/HAL/HDCM/HDCM_program.o
 .text          0x00000092        0x0 ./COTS/APP/main.o
 .text          0x00000092        0x0 d:/es/embedded system/sdk/imt_sdk_win_64/winavr/bin/../lib/gcc/avr/4.3.3/avr5\libgcc.a(_divmodhi4.o)
 .text          0x00000092        0x0 d:/es/embedded system/sdk/imt_sdk_win_64/winavr/bin/../lib/gcc/avr/4.3.3/avr5\libgcc.a(_exit.o)
 .text          0x00000092        0x0 d:/es/embedded system/sdk/imt_sdk_win_64/winavr/bin/../lib/gcc/avr/4.3.3/avr5\libgcc.a(_copy_data.o)
 .text          0x00000092        0x0 d:/es/embedded system/sdk/imt_sdk_win_64/winavr/bin/../lib/gcc/avr/4.3.3/avr5\libgcc.a(_clear_bss.o)
 .text          0x00000092        0x0 d:/es/embedded system/sdk/imt_sdk_win_64/winavr/bin/../lib/gcc/avr/4.3.3/avr5\libgcc.a(_udivmodhi4.o)
                0x00000092                . = ALIGN (0x2)
 *(.text.*)
 .text.MTIMER0_vInit
                0x00000092       0x32 ./COTS/MCAL/MTimers/MTimers_program.o
                0x00000092                MTIMER0_vInit
 .text.MTIMER1_vInit
                0x000000c4       0x5c ./COTS/MCAL/MTimers/MTimers_program.o
                0x000000c4                MTIMER1_vInit
 .text.MTIMER2_vInit
                0x00000120       0x26 ./COTS/MCAL/MTimers/MTimers_program.o
                0x00000120                MTIMER2_vInit
 .text.MTIMERS_vSetPreloadValue
                0x00000146       0x1a ./COTS/MCAL/MTimers/MTimers_program.o
                0x00000146                MTIMERS_vSetPreloadValue
 .text.MTIMERS_vSetCompareValue
                0x00000160       0x1a ./COTS/MCAL/MTimers/MTimers_program.o
                0x00000160                MTIMERS_vSetCompareValue
 .text.MTIMER1_vSetTopValue
                0x0000017a        0x6 ./COTS/MCAL/MTimers/MTimers_program.o
                0x0000017a                MTIMER1_vSetTopValue
 .text.MTIMERS_vStartTimer
                0x00000180       0x48 ./COTS/MCAL/MTimers/MTimers_program.o
                0x00000180                MTIMERS_vStartTimer
 .text.MTIMERS_vSetInterval_CTC_Asynch
                0x000001c8       0x62 ./COTS/MCAL/MTimers/MTimers_program.o
                0x000001c8                MTIMERS_vSetInterval_CTC_Asynch
 .text.MTIMERS_vSetInterval_OVF_Asynch
                0x0000022a       0x50 ./COTS/MCAL/MTimers/MTimers_program.o
                0x0000022a                MTIMERS_vSetInterval_OVF_Asynch
 .text.MTIMERS_vStopTimer
                0x0000027a       0x48 ./COTS/MCAL/MTimers/MTimers_program.o
                0x0000027a                MTIMERS_vStopTimer
 .text.MTIMERS_u16GetCapturedValue
                0x000002c2        0x8 ./COTS/MCAL/MTimers/MTimers_program.o
                0x000002c2                MTIMERS_u16GetCapturedValue
 .text.MTIMERS_u16GetElapsedTime
                0x000002ca       0x26 ./COTS/MCAL/MTimers/MTimers_program.o
                0x000002ca                MTIMERS_u16GetElapsedTime
 .text.MTIMERS_vSetICU_Trigger
                0x000002f0       0x1a ./COTS/MCAL/MTimers/MTimers_program.o
                0x000002f0                MTIMERS_vSetICU_Trigger
 .text.MTIMERS_vEnableInterrupt
                0x0000030a       0x6c ./COTS/MCAL/MTimers/MTimers_program.o
                0x0000030a                MTIMERS_vEnableInterrupt
 .text.MTIMERS_vDisableInterrupt
                0x00000376       0x6c ./COTS/MCAL/MTimers/MTimers_program.o
                0x00000376                MTIMERS_vDisableInterrupt
 .text.MTIMERS_vSetCallBack
                0x000003e2       0x88 ./COTS/MCAL/MTimers/MTimers_program.o
                0x000003e2                MTIMERS_vSetCallBack
 .text.__vector_11
                0x0000046a       0x7a ./COTS/MCAL/MTimers/MTimers_program.o
                0x0000046a                __vector_11
 .text.__vector_10
                0x000004e4       0x7a ./COTS/MCAL/MTimers/MTimers_program.o
                0x000004e4                __vector_10
 .text.__vector_6
                0x0000055e       0x4e ./COTS/MCAL/MTimers/MTimers_program.o
                0x0000055e                __vector_6
 .text.__vector_7
                0x000005ac       0x4e ./COTS/MCAL/MTimers/MTimers_program.o
                0x000005ac                __vector_7
 .text.__vector_8
                0x000005fa       0x4e ./COTS/MCAL/MTimers/MTimers_program.o
                0x000005fa                __vector_8
 .text.__vector_9
                0x00000648       0x4e ./COTS/MCAL/MTimers/MTimers_program.o
                0x00000648                __vector_9
 .text.__vector_4
                0x00000696       0x4e ./COTS/MCAL/MTimers/MTimers_program.o
                0x00000696                __vector_4
 .text.__vector_5
                0x000006e4       0x4e ./COTS/MCAL/MTimers/MTimers_program.o
                0x000006e4                __vector_5
 .text.MGIE_vEnableGlobalInterrupt
                0x00000732        0x8 ./COTS/MCAL/MGIE/MGIE_program.o
                0x00000732                MGIE_vEnableGlobalInterrupt
 .text.MGIE_vDisableGlobalInterrupt
                0x0000073a        0x8 ./COTS/MCAL/MGIE/MGIE_program.o
                0x0000073a                MGIE_vDisableGlobalInterrupt
 .text.MEXTI_vInit
                0x00000742       0x14 ./COTS/MCAL/MEXTI/MEXTI_program.o
                0x00000742                MEXTI_vInit
 .text.MEXTI_vEnableInterrupt
                0x00000756       0x22 ./COTS/MCAL/MEXTI/MEXTI_program.o
                0x00000756                MEXTI_vEnableInterrupt
 .text.MEXTI_vDisableInterrupt
                0x00000778       0x22 ./COTS/MCAL/MEXTI/MEXTI_program.o
                0x00000778                MEXTI_vDisableInterrupt
 .text.MEXTI_vSetSenseControl
                0x0000079a       0xa6 ./COTS/MCAL/MEXTI/MEXTI_program.o
                0x0000079a                MEXTI_vSetSenseControl
 .text.MEXTI_vSetCallBack
                0x00000840       0x2a ./COTS/MCAL/MEXTI/MEXTI_program.o
                0x00000840                MEXTI_vSetCallBack
 .text.MDIO_vSetPinDirection
                0x0000086a       0xe6 ./COTS/MCAL/MDIO/MDIO_prog.o
                0x0000086a                MDIO_vSetPinDirection
 .text.MDIO_vSetPortDirection
                0x00000950       0x22 ./COTS/MCAL/MDIO/MDIO_prog.o
                0x00000950                MDIO_vSetPortDirection
 .text.MDIO_vSetPinValue
                0x00000972       0xe6 ./COTS/MCAL/MDIO/MDIO_prog.o
                0x00000972                MDIO_vSetPinValue
 .text.MDIO_vSetPortValue
                0x00000a58       0x22 ./COTS/MCAL/MDIO/MDIO_prog.o
                0x00000a58                MDIO_vSetPortValue
 .text.MDIO_u8GetPinValue
                0x00000a7a       0x40 ./COTS/MCAL/MDIO/MDIO_prog.o
                0x00000a7a                MDIO_u8GetPinValue
 .text.MDIO_u8GetPortValue
                0x00000aba       0x24 ./COTS/MCAL/MDIO/MDIO_prog.o
                0x00000aba                MDIO_u8GetPortValue
 .text.MDIO_vTogglePinValue
                0x00000ade       0x6a ./COTS/MCAL/MDIO/MDIO_prog.o
                0x00000ade                MDIO_vTogglePinValue
 .text.MDIO_s32MappingValue
                0x00000b48       0x32 ./COTS/MCAL/MDIO/MDIO_prog.o
                0x00000b48                MDIO_s32MappingValue
 .text.MADC_vInit
                0x00000b7a       0x1c ./COTS/MCAL/MADC/MADC_program.o
                0x00000b7a                MADC_vInit
 .text.MADC_u16ConvertAnalog_to_Digital
                0x00000b96       0x1a ./COTS/MCAL/MADC/MADC_program.o
                0x00000b96                MADC_u16ConvertAnalog_to_Digital
 .text.MADC_vStartConversion
                0x00000bb0        0xe ./COTS/MCAL/MADC/MADC_program.o
                0x00000bb0                MADC_vStartConversion
 .text.MADC_GetADCData
                0x00000bbe        0x8 ./COTS/MCAL/MADC/MADC_program.o
                0x00000bbe                MADC_GetADCData
 .text.MADC_vSetCallBack
                0x00000bc6        0xa ./COTS/MCAL/MADC/MADC_program.o
                0x00000bc6                MADC_vSetCallBack
 .text.HSSD_vTurnOFF
                0x00000bd0        0xa ./COTS/HAL/HSSD/HSSD_prog.o
                0x00000bd0                HSSD_vTurnOFF
 .text.HSSD_vDispNum
                0x00000bda       0x28 ./COTS/HAL/HSSD/HSSD_prog.o
                0x00000bda                HSSD_vDispNum
 .text.HLM35_u16GetTemperature
                0x00000c02       0x46 ./COTS/HAL/HLM35/HLM35_program.o
                0x00000c02                HLM35_u16GetTemperature
 .text.HLCD_vSendData
                0x00000c48       0x5c ./COTS/HAL/HLCD/HLCD_progr.o
                0x00000c48                HLCD_vSendData
 .text.HLCD_vDispNumber
                0x00000ca4       0xb8 ./COTS/HAL/HLCD/HLCD_progr.o
                0x00000ca4                HLCD_vDispNumber
 .text.HLCD_vDispString
                0x00000d5c       0x26 ./COTS/HAL/HLCD/HLCD_progr.o
                0x00000d5c                HLCD_vDispString
 .text.HLCD_vSendCommand
                0x00000d82       0x5c ./COTS/HAL/HLCD/HLCD_progr.o
                0x00000d82                HLCD_vSendCommand
 .text.HLCD_vSetCursorBlinkingOFF
                0x00000dde       0x2c ./COTS/HAL/HLCD/HLCD_progr.o
                0x00000dde                HLCD_vSetCursorBlinkingOFF
 .text.HLCD_vDispCursorWithBlinking
                0x00000e0a       0x2c ./COTS/HAL/HLCD/HLCD_progr.o
                0x00000e0a                HLCD_vDispCursorWithBlinking
 .text.HLCD_vSetDispOFF
                0x00000e36       0x2c ./COTS/HAL/HLCD/HLCD_progr.o
                0x00000e36                HLCD_vSetDispOFF
 .text.HLCD_vSetShiftLeftOn
                0x00000e62       0x2c ./COTS/HAL/HLCD/HLCD_progr.o
                0x00000e62                HLCD_vSetShiftLeftOn
 .text.HLCD_vDispShiftLeftString
                0x00000e8e       0x5a ./COTS/HAL/HLCD/HLCD_progr.o
                0x00000e8e                HLCD_vDispShiftLeftString
 .text.HLCD_vGoTo
                0x00000ee8       0x26 ./COTS/HAL/HLCD/HLCD_progr.o
                0x00000ee8                HLCD_vGoTo
 .text.HLCD_vSaveCustomChar
                0x00000f0e       0x3e ./COTS/HAL/HLCD/HLCD_progr.o
                0x00000f0e                HLCD_vSaveCustomChar
 .text.HLCD_vClear
                0x00000f4c       0x16 ./COTS/HAL/HLCD/HLCD_progr.o
                0x00000f4c                HLCD_vClear
 .text.HLCD_vInit
                0x00000f62       0x8a ./COTS/HAL/HLCD/HLCD_progr.o
                0x00000f62                HLCD_vInit
 .text.HKEYPAD_u8Getpressed
                0x00000fec       0x8e ./COTS/HAL/HKEYPAD/HKEYPAD_prog.o
                0x00000fec                HKEYPAD_u8Getpressed
 .text.HKEYPAD_vInit
                0x0000107a       0x12 ./COTS/HAL/HKEYPAD/HKEYPAD_prog.o
                0x0000107a                HKEYPAD_vInit
 .text.HDCM_vRotate_CW
                0x0000108c        0x2 ./COTS/HAL/HDCM/HDCM_program.o
                0x0000108c                HDCM_vRotate_CW
 .text.HDCM_vRotate_CCW
                0x0000108e        0x2 ./COTS/HAL/HDCM/HDCM_program.o
                0x0000108e                HDCM_vRotate_CCW
 .text.HDCM_vStopMotor
                0x00001090       0x1e ./COTS/HAL/HDCM/HDCM_program.o
                0x00001090                HDCM_vStopMotor
 .text.HDCM_vRotateMotor
                0x000010ae       0x5e ./COTS/HAL/HDCM/HDCM_program.o
                0x000010ae                HDCM_vRotateMotor
 .text.ReadPWM  0x0000110c       0x98 ./COTS/APP/main.o
                0x0000110c                ReadPWM
 .text.main     0x000011a4       0x96 ./COTS/APP/main.o
                0x000011a4                main
 .text.libgcc   0x0000123a       0x26 d:/es/embedded system/sdk/imt_sdk_win_64/winavr/bin/../lib/gcc/avr/4.3.3/avr5\libgcc.a(_divmodhi4.o)
                0x0000123a                __divmodhi4
                0x0000123a                _div
 .text.libgcc   0x00001260        0x0 d:/es/embedded system/sdk/imt_sdk_win_64/winavr/bin/../lib/gcc/avr/4.3.3/avr5\libgcc.a(_exit.o)
 .text.libgcc   0x00001260        0x0 d:/es/embedded system/sdk/imt_sdk_win_64/winavr/bin/../lib/gcc/avr/4.3.3/avr5\libgcc.a(_copy_data.o)
 .text.libgcc   0x00001260        0x0 d:/es/embedded system/sdk/imt_sdk_win_64/winavr/bin/../lib/gcc/avr/4.3.3/avr5\libgcc.a(_clear_bss.o)
 .text.libgcc   0x00001260       0x28 d:/es/embedded system/sdk/imt_sdk_win_64/winavr/bin/../lib/gcc/avr/4.3.3/avr5\libgcc.a(_udivmodhi4.o)
                0x00001260                __udivmodhi4
                0x00001288                . = ALIGN (0x2)
 *(.fini9)
 .fini9         0x00001288        0x0 d:/es/embedded system/sdk/imt_sdk_win_64/winavr/bin/../lib/gcc/avr/4.3.3/avr5\libgcc.a(_exit.o)
                0x00001288                exit
                0x00001288                _exit
 *(.fini9)
 *(.fini8)
 *(.fini8)
 *(.fini7)
 *(.fini7)
 *(.fini6)
 *(.fini6)
 *(.fini5)
 *(.fini5)
 *(.fini4)
 *(.fini4)
 *(.fini3)
 *(.fini3)
 *(.fini2)
 *(.fini2)
 *(.fini1)
 *(.fini1)
 *(.fini0)
 .fini0         0x00001288        0x4 d:/es/embedded system/sdk/imt_sdk_win_64/winavr/bin/../lib/gcc/avr/4.3.3/avr5\libgcc.a(_exit.o)
 *(.fini0)
                0x0000128c                _etext = .

.data           0x00800060       0x1a load address 0x0000128c
                0x00800060                PROVIDE (__data_start, .)
 *(.data)
 .data          0x00800060        0x0 d:/es/embedded system/sdk/imt_sdk_win_64/winavr/bin/../lib/gcc/avr/4.3.3/../../../../avr/lib/avr5/crtm32.o
 .data          0x00800060        0x0 ./COTS/MCAL/MTimers/MTimers_program.o
 .data          0x00800060        0x0 ./COTS/MCAL/MGIE/MGIE_program.o
 .data          0x00800060        0x0 ./COTS/MCAL/MEXTI/MEXTI_program.o
 .data          0x00800060        0x0 ./COTS/MCAL/MDIO/MDIO_prog.o
 .data          0x00800060        0x0 ./COTS/MCAL/MADC/MADC_program.o
 .data          0x00800060        0x0 ./COTS/HAL/HSSD/HSSD_prog.o
 .data          0x00800060        0x0 ./COTS/HAL/HLM35/HLM35_program.o
 .data          0x00800060        0x0 ./COTS/HAL/HLDR/HLDR_program.o
 .data          0x00800060        0x0 ./COTS/HAL/HLCD/HLCD_progr.o
 .data          0x00800060        0x0 ./COTS/HAL/HKEYPAD/HKEYPAD_prog.o
 .data          0x00800060        0x0 ./COTS/HAL/HDCM/HDCM_program.o
 .data          0x00800060        0x0 ./COTS/APP/main.o
 .data          0x00800060        0x0 d:/es/embedded system/sdk/imt_sdk_win_64/winavr/bin/../lib/gcc/avr/4.3.3/avr5\libgcc.a(_divmodhi4.o)
 .data          0x00800060        0x0 d:/es/embedded system/sdk/imt_sdk_win_64/winavr/bin/../lib/gcc/avr/4.3.3/avr5\libgcc.a(_exit.o)
 .data          0x00800060        0x0 d:/es/embedded system/sdk/imt_sdk_win_64/winavr/bin/../lib/gcc/avr/4.3.3/avr5\libgcc.a(_copy_data.o)
 .data          0x00800060        0x0 d:/es/embedded system/sdk/imt_sdk_win_64/winavr/bin/../lib/gcc/avr/4.3.3/avr5\libgcc.a(_clear_bss.o)
 .data          0x00800060        0x0 d:/es/embedded system/sdk/imt_sdk_win_64/winavr/bin/../lib/gcc/avr/4.3.3/avr5\libgcc.a(_udivmodhi4.o)
 *(.data*)
 .data.kmap     0x00800060       0x10 ./COTS/HAL/HKEYPAD/HKEYPAD_prog.o
                0x00800060                kmap
 *(.rodata)
 *(.rodata*)
 .rodata.SCG_u8SSD_Nums
                0x00800070        0xa ./COTS/HAL/HSSD/HSSD_prog.o
 *(.gnu.linkonce.d*)
                0x0080007a                . = ALIGN (0x2)
                0x0080007a                _edata = .
                0x0080007a                PROVIDE (__data_end, .)

.bss            0x0080007a       0x2a
                0x0080007a                PROVIDE (__bss_start, .)
 *(.bss)
 .bss           0x0080007a        0x0 d:/es/embedded system/sdk/imt_sdk_win_64/winavr/bin/../lib/gcc/avr/4.3.3/../../../../avr/lib/avr5/crtm32.o
 .bss           0x0080007a        0x0 ./COTS/MCAL/MTimers/MTimers_program.o
 .bss           0x0080007a        0x0 ./COTS/MCAL/MGIE/MGIE_program.o
 .bss           0x0080007a        0x0 ./COTS/MCAL/MEXTI/MEXTI_program.o
 .bss           0x0080007a        0x0 ./COTS/MCAL/MDIO/MDIO_prog.o
 .bss           0x0080007a        0x0 ./COTS/MCAL/MADC/MADC_program.o
 .bss           0x0080007a        0x0 ./COTS/HAL/HSSD/HSSD_prog.o
 .bss           0x0080007a        0x0 ./COTS/HAL/HLM35/HLM35_program.o
 .bss           0x0080007a        0x0 ./COTS/HAL/HLDR/HLDR_program.o
 .bss           0x0080007a        0x0 ./COTS/HAL/HLCD/HLCD_progr.o
 .bss           0x0080007a        0x0 ./COTS/HAL/HKEYPAD/HKEYPAD_prog.o
 .bss           0x0080007a        0x0 ./COTS/HAL/HDCM/HDCM_program.o
 .bss           0x0080007a        0x0 ./COTS/APP/main.o
 .bss           0x0080007a        0x0 d:/es/embedded system/sdk/imt_sdk_win_64/winavr/bin/../lib/gcc/avr/4.3.3/avr5\libgcc.a(_divmodhi4.o)
 .bss           0x0080007a        0x0 d:/es/embedded system/sdk/imt_sdk_win_64/winavr/bin/../lib/gcc/avr/4.3.3/avr5\libgcc.a(_exit.o)
 .bss           0x0080007a        0x0 d:/es/embedded system/sdk/imt_sdk_win_64/winavr/bin/../lib/gcc/avr/4.3.3/avr5\libgcc.a(_copy_data.o)
 .bss           0x0080007a        0x0 d:/es/embedded system/sdk/imt_sdk_win_64/winavr/bin/../lib/gcc/avr/4.3.3/avr5\libgcc.a(_clear_bss.o)
 .bss           0x0080007a        0x0 d:/es/embedded system/sdk/imt_sdk_win_64/winavr/bin/../lib/gcc/avr/4.3.3/avr5\libgcc.a(_udivmodhi4.o)
 *(.bss*)
 .bss.G_u32IntervalCounts
                0x0080007a        0x2 ./COTS/MCAL/MTimers/MTimers_program.o
                0x0080007a                G_u32IntervalCounts
 .bss.GS_TIMER2_vpPtrToFunction
                0x0080007c        0x4 ./COTS/MCAL/MTimers/MTimers_program.o
 .bss.GS_TIMER1_vpPtrToFunction
                0x00800080        0x8 ./COTS/MCAL/MTimers/MTimers_program.o
 .bss.GS_TIMER0_vpPtrToFunction
                0x00800088        0x4 ./COTS/MCAL/MTimers/MTimers_program.o
 .bss.LS_u32CTC_Counter.1593
                0x0080008c        0x2 ./COTS/MCAL/MTimers/MTimers_program.o
 .bss.LS_u32OVF_Counter.1583
                0x0080008e        0x2 ./COTS/MCAL/MTimers/MTimers_program.o
 .bss.MEXTI_vpPointerTo_INT0_function
                0x00800090        0x2 ./COTS/MCAL/MEXTI/MEXTI_program.o
                0x00800090                MEXTI_vpPointerTo_INT0_function
 .bss.MEXTI_vpPointerTo_INT1_function
                0x00800092        0x2 ./COTS/MCAL/MEXTI/MEXTI_program.o
                0x00800092                MEXTI_vpPointerTo_INT1_function
 .bss.MEXTI_vpPointerTo_INT2_function
                0x00800094        0x2 ./COTS/MCAL/MEXTI/MEXTI_program.o
                0x00800094                MEXTI_vpPointerTo_INT2_function
 .bss.MADC_vpPointerToFunction
                0x00800096        0x2 ./COTS/MCAL/MADC/MADC_program.o
                0x00800096                MADC_vpPointerToFunction
 .bss.G_u8ReadingFlag
                0x00800098        0x1 ./COTS/APP/main.o
                0x00800098                G_u8ReadingFlag
 .bss.G_u16PeriodicTime
                0x00800099        0x2 ./COTS/APP/main.o
                0x00800099                G_u16PeriodicTime
 .bss.G_u16OnTime
                0x0080009b        0x2 ./COTS/APP/main.o
                0x0080009b                G_u16OnTime
 .bss.LS_u16TimerReadings.1428
                0x0080009d        0x6 ./COTS/APP/main.o
 .bss.LS_u8Counter.1427
                0x008000a3        0x1 ./COTS/APP/main.o
 *(COMMON)
                0x008000a4                PROVIDE (__bss_end, .)
                0x0000128c                __data_load_start = LOADADDR (.data)
                0x000012a6                __data_load_end = (__data_load_start + SIZEOF (.data))

.noinit         0x008000a4        0x0
                0x008000a4                PROVIDE (__noinit_start, .)
 *(.noinit*)
                0x008000a4                PROVIDE (__noinit_end, .)
                0x008000a4                _end = .
                0x008000a4                PROVIDE (__heap_start, .)

.eeprom         0x00810000        0x0
 *(.eeprom*)
                0x00810000                __eeprom_end = .

.fuse
 *(.fuse)
 *(.lfuse)
 *(.hfuse)
 *(.efuse)

.lock
 *(.lock*)

.signature
 *(.signature*)

.stab
 *(.stab)

.stabstr
 *(.stabstr)

.stab.excl
 *(.stab.excl)

.stab.exclstr
 *(.stab.exclstr)

.stab.index
 *(.stab.index)

.stab.indexstr
 *(.stab.indexstr)

.comment
 *(.comment)

.debug
 *(.debug)

.line
 *(.line)

.debug_srcinfo
 *(.debug_srcinfo)

.debug_sfnames
 *(.debug_sfnames)

.debug_aranges
 *(.debug_aranges)

.debug_pubnames
 *(.debug_pubnames)

.debug_info
 *(.debug_info)
 *(.gnu.linkonce.wi.*)

.debug_abbrev
 *(.debug_abbrev)

.debug_line
 *(.debug_line)

.debug_frame
 *(.debug_frame)

.debug_str
 *(.debug_str)

.debug_loc
 *(.debug_loc)

.debug_macinfo
 *(.debug_macinfo)
OUTPUT(PE_Drivers.elf elf32-avr)
LOAD linker stubs
