Archive member included because of file (symbol)

d:/imt_avr/embedded system/sdk/imt_sdk_win_64/winavr/bin/../lib/gcc/avr/4.3.3/avr5\libgcc.a(_divmodhi4.o)
                              ./COTS/MCAL/MDIO/MDIO_prog.o (__divmodhi4)
d:/imt_avr/embedded system/sdk/imt_sdk_win_64/winavr/bin/../lib/gcc/avr/4.3.3/avr5\libgcc.a(_exit.o)
                              d:/imt_avr/embedded system/sdk/imt_sdk_win_64/winavr/bin/../lib/gcc/avr/4.3.3/../../../../avr/lib/avr5/crtm32.o (exit)
d:/imt_avr/embedded system/sdk/imt_sdk_win_64/winavr/bin/../lib/gcc/avr/4.3.3/avr5\libgcc.a(_copy_data.o)
                              ./COTS/HAL/HSSD/HSSD_prog.o (__do_copy_data)
d:/imt_avr/embedded system/sdk/imt_sdk_win_64/winavr/bin/../lib/gcc/avr/4.3.3/avr5\libgcc.a(_clear_bss.o)
                              ./COTS/MCAL/MUART/MUART_program.o (__do_clear_bss)
d:/imt_avr/embedded system/sdk/imt_sdk_win_64/winavr/bin/../lib/gcc/avr/4.3.3/avr5\libgcc.a(_udivmodhi4.o)
                              d:/imt_avr/embedded system/sdk/imt_sdk_win_64/winavr/bin/../lib/gcc/avr/4.3.3/avr5\libgcc.a(_divmodhi4.o) (__udivmodhi4)
d:/imt_avr/embedded system/sdk/imt_sdk_win_64/winavr/bin/../lib/gcc/avr/4.3.3/../../../../avr/lib/avr5\libc.a(strcmp.o)
                              ./COTS/MCAL/MUART/MUART_program.o (strcmp)

Memory Configuration

Name             Origin             Length             Attributes
text             0x00000000         0x00020000         xr
data             0x00800060         0x0000ffa0         rw !x
eeprom           0x00810000         0x00010000         rw !x
fuse             0x00820000         0x00000400         rw !x
lock             0x00830000         0x00000400         rw !x
signature        0x00840000         0x00000400         rw !x
*default*        0x00000000         0xffffffff

Linker script and memory map

LOAD d:/imt_avr/embedded system/sdk/imt_sdk_win_64/winavr/bin/../lib/gcc/avr/4.3.3/../../../../avr/lib/avr5/crtm32.o
LOAD ./COTS/MCAL/MWatchDogTimer/MWatchDogTimer_program.o
LOAD ./COTS/MCAL/MUART/MUART_program.o
LOAD ./COTS/MCAL/MTimers/MTimers_program.o
LOAD ./COTS/MCAL/MSPI/MSPI_program.o
LOAD ./COTS/MCAL/MI2C/MI2C_program.o
LOAD ./COTS/MCAL/MGIE/MGIE_program.o
LOAD ./COTS/MCAL/MEXTI/MEXTI_program.o
LOAD ./COTS/MCAL/MDIO/MDIO_prog.o
LOAD ./COTS/MCAL/MADC/MADC_program.o
LOAD ./COTS/HAL/HSSD/HSSD_prog.o
LOAD ./COTS/HAL/HLM35/HLM35_program.o
LOAD ./COTS/HAL/HLDR/HLDR_program.o
LOAD ./COTS/HAL/HLCD/HLCD_progr.o
LOAD ./COTS/HAL/HKEYPAD/HKEYPAD_prog.o
LOAD ./COTS/HAL/HEEPROM/HEEPROM_program.o
LOAD ./COTS/HAL/HDCM/HDCM_program.o
LOAD ./COTS/APP/main.o
LOAD d:/imt_avr/embedded system/sdk/imt_sdk_win_64/winavr/bin/../lib/gcc/avr/4.3.3/avr5\libgcc.a
LOAD d:/imt_avr/embedded system/sdk/imt_sdk_win_64/winavr/bin/../lib/gcc/avr/4.3.3/../../../../avr/lib/avr5\libc.a
LOAD d:/imt_avr/embedded system/sdk/imt_sdk_win_64/winavr/bin/../lib/gcc/avr/4.3.3/avr5\libgcc.a

.hash
 *(.hash)

.dynsym
 *(.dynsym)

.dynstr
 *(.dynstr)

.gnu.version
 *(.gnu.version)

.gnu.version_d
 *(.gnu.version_d)

.gnu.version_r
 *(.gnu.version_r)

.rel.init
 *(.rel.init)

.rela.init
 *(.rela.init)

.rel.text
 *(.rel.text)
 *(.rel.text.*)
 *(.rel.gnu.linkonce.t*)

.rela.text
 *(.rela.text)
 *(.rela.text.*)
 *(.rela.gnu.linkonce.t*)

.rel.fini
 *(.rel.fini)

.rela.fini
 *(.rela.fini)

.rel.rodata
 *(.rel.rodata)
 *(.rel.rodata.*)
 *(.rel.gnu.linkonce.r*)

.rela.rodata
 *(.rela.rodata)
 *(.rela.rodata.*)
 *(.rela.gnu.linkonce.r*)

.rel.data
 *(.rel.data)
 *(.rel.data.*)
 *(.rel.gnu.linkonce.d*)

.rela.data
 *(.rela.data)
 *(.rela.data.*)
 *(.rela.gnu.linkonce.d*)

.rel.ctors
 *(.rel.ctors)

.rela.ctors
 *(.rela.ctors)

.rel.dtors
 *(.rel.dtors)

.rela.dtors
 *(.rela.dtors)

.rel.got
 *(.rel.got)

.rela.got
 *(.rela.got)

.rel.bss
 *(.rel.bss)

.rela.bss
 *(.rela.bss)

.rel.plt
 *(.rel.plt)

.rela.plt
 *(.rela.plt)

.text           0x00000000     0x1636
 *(.vectors)
 .vectors       0x00000000       0x54 d:/imt_avr/embedded system/sdk/imt_sdk_win_64/winavr/bin/../lib/gcc/avr/4.3.3/../../../../avr/lib/avr5/crtm32.o
                0x00000000                __vectors
                0x00000000                __vector_default
 *(.vectors)
 *(.progmem.gcc*)
 *(.progmem*)
                0x00000054                . = ALIGN (0x2)
                0x00000054                __trampolines_start = .
 *(.trampolines)
 .trampolines   0x00000054        0x0 linker stubs
 *(.trampolines*)
                0x00000054                __trampolines_end = .
 *(.jumptables)
 *(.jumptables*)
 *(.lowtext)
 *(.lowtext*)
                0x00000054                __ctors_start = .
 *(.ctors)
                0x00000054                __ctors_end = .
                0x00000054                __dtors_start = .
 *(.dtors)
                0x00000054                __dtors_end = .
 SORT(*)(.ctors)
 SORT(*)(.dtors)
 *(.init0)
 .init0         0x00000054        0x0 d:/imt_avr/embedded system/sdk/imt_sdk_win_64/winavr/bin/../lib/gcc/avr/4.3.3/../../../../avr/lib/avr5/crtm32.o
                0x00000054                __init
 *(.init0)
 *(.init1)
 *(.init1)
 *(.init2)
 .init2         0x00000054        0xc d:/imt_avr/embedded system/sdk/imt_sdk_win_64/winavr/bin/../lib/gcc/avr/4.3.3/../../../../avr/lib/avr5/crtm32.o
 *(.init2)
 *(.init3)
 *(.init3)
 *(.init4)
 .init4         0x00000060       0x16 d:/imt_avr/embedded system/sdk/imt_sdk_win_64/winavr/bin/../lib/gcc/avr/4.3.3/avr5\libgcc.a(_copy_data.o)
                0x00000060                __do_copy_data
 .init4         0x00000076       0x10 d:/imt_avr/embedded system/sdk/imt_sdk_win_64/winavr/bin/../lib/gcc/avr/4.3.3/avr5\libgcc.a(_clear_bss.o)
                0x00000076                __do_clear_bss
 *(.init4)
 *(.init5)
 *(.init5)
 *(.init6)
 *(.init6)
 *(.init7)
 *(.init7)
 *(.init8)
 *(.init8)
 *(.init9)
 .init9         0x00000086        0x8 d:/imt_avr/embedded system/sdk/imt_sdk_win_64/winavr/bin/../lib/gcc/avr/4.3.3/../../../../avr/lib/avr5/crtm32.o
 *(.init9)
 *(.text)
 .text          0x0000008e        0x4 d:/imt_avr/embedded system/sdk/imt_sdk_win_64/winavr/bin/../lib/gcc/avr/4.3.3/../../../../avr/lib/avr5/crtm32.o
                0x0000008e                __vector_1
                0x0000008e                __bad_interrupt
                0x0000008e                __vector_3
                0x0000008e                __vector_17
                0x0000008e                __vector_19
                0x0000008e                __vector_2
                0x0000008e                __vector_16
                0x0000008e                __vector_18
                0x0000008e                __vector_20
 .text          0x00000092        0x0 ./COTS/MCAL/MWatchDogTimer/MWatchDogTimer_program.o
 .text          0x00000092        0x0 ./COTS/MCAL/MUART/MUART_program.o
 .text          0x00000092        0x0 ./COTS/MCAL/MTimers/MTimers_program.o
 .text          0x00000092        0x0 ./COTS/MCAL/MSPI/MSPI_program.o
 .text          0x00000092        0x0 ./COTS/MCAL/MI2C/MI2C_program.o
 .text          0x00000092        0x0 ./COTS/MCAL/MGIE/MGIE_program.o
 .text          0x00000092        0x0 ./COTS/MCAL/MEXTI/MEXTI_program.o
 .text          0x00000092        0x0 ./COTS/MCAL/MDIO/MDIO_prog.o
 .text          0x00000092        0x0 ./COTS/MCAL/MADC/MADC_program.o
 .text          0x00000092        0x0 ./COTS/HAL/HSSD/HSSD_prog.o
 .text          0x00000092        0x0 ./COTS/HAL/HLM35/HLM35_program.o
 .text          0x00000092        0x0 ./COTS/HAL/HLDR/HLDR_program.o
 .text          0x00000092        0x0 ./COTS/HAL/HLCD/HLCD_progr.o
 .text          0x00000092        0x0 ./COTS/HAL/HKEYPAD/HKEYPAD_prog.o
 .text          0x00000092        0x0 ./COTS/HAL/HEEPROM/HEEPROM_program.o
 .text          0x00000092        0x0 ./COTS/HAL/HDCM/HDCM_program.o
 .text          0x00000092        0x0 ./COTS/APP/main.o
 .text          0x00000092        0x0 d:/imt_avr/embedded system/sdk/imt_sdk_win_64/winavr/bin/../lib/gcc/avr/4.3.3/avr5\libgcc.a(_divmodhi4.o)
 .text          0x00000092        0x0 d:/imt_avr/embedded system/sdk/imt_sdk_win_64/winavr/bin/../lib/gcc/avr/4.3.3/avr5\libgcc.a(_exit.o)
 .text          0x00000092        0x0 d:/imt_avr/embedded system/sdk/imt_sdk_win_64/winavr/bin/../lib/gcc/avr/4.3.3/avr5\libgcc.a(_copy_data.o)
 .text          0x00000092        0x0 d:/imt_avr/embedded system/sdk/imt_sdk_win_64/winavr/bin/../lib/gcc/avr/4.3.3/avr5\libgcc.a(_clear_bss.o)
 .text          0x00000092        0x0 d:/imt_avr/embedded system/sdk/imt_sdk_win_64/winavr/bin/../lib/gcc/avr/4.3.3/avr5\libgcc.a(_udivmodhi4.o)
 .text          0x00000092        0x0 d:/imt_avr/embedded system/sdk/imt_sdk_win_64/winavr/bin/../lib/gcc/avr/4.3.3/../../../../avr/lib/avr5\libc.a(strcmp.o)
                0x00000092                . = ALIGN (0x2)
 *(.text.*)
 .text.MWDT_vTurnOn
                0x00000092       0x10 ./COTS/MCAL/MWatchDogTimer/MWatchDogTimer_program.o
                0x00000092                MWDT_vTurnOn
 .text.MWDT_vTurnOff
                0x000000a2        0x8 ./COTS/MCAL/MWatchDogTimer/MWatchDogTimer_program.o
                0x000000a2                MWDT_vTurnOff
 .text.MUART_vInit
                0x000000aa       0x32 ./COTS/MCAL/MUART/MUART_program.o
                0x000000aa                MUART_vInit
 .text.UART_vSetBAUDRate
                0x000000dc        0x4 ./COTS/MCAL/MUART/MUART_program.o
                0x000000dc                UART_vSetBAUDRate
 .text.MUART_vTransmit
                0x000000e0        0x8 ./COTS/MCAL/MUART/MUART_program.o
                0x000000e0                MUART_vTransmit
 .text.MUART_u8Receive
                0x000000e8        0x8 ./COTS/MCAL/MUART/MUART_program.o
                0x000000e8                MUART_u8Receive
 .text.MUART_vENABLE
                0x000000f0        0x6 ./COTS/MCAL/MUART/MUART_program.o
                0x000000f0                MUART_vENABLE
 .text.MUART_vDISABLE
                0x000000f6        0x6 ./COTS/MCAL/MUART/MUART_program.o
                0x000000f6                MUART_vDISABLE
 .text.MUART_s8GetUDR
                0x000000fc        0x4 ./COTS/MCAL/MUART/MUART_program.o
                0x000000fc                MUART_s8GetUDR
 .text.MUART_vRecieveString
                0x00000100       0x28 ./COTS/MCAL/MUART/MUART_program.o
                0x00000100                MUART_vRecieveString
 .text.MUART_vTransmitString
                0x00000128       0x14 ./COTS/MCAL/MUART/MUART_program.o
                0x00000128                MUART_vTransmitString
 .text.MUART_vFlush
                0x0000013c        0xa ./COTS/MCAL/MUART/MUART_program.o
                0x0000013c                MUART_vFlush
 .text.MUART_vEnableInterrupt
                0x00000146       0x18 ./COTS/MCAL/MUART/MUART_program.o
                0x00000146                MUART_vEnableInterrupt
 .text.MUART_vDisableInterrupt
                0x0000015e       0x18 ./COTS/MCAL/MUART/MUART_program.o
                0x0000015e                MUART_vDisableInterrupt
 .text.MUART_vTransmit_Asynch
                0x00000176       0x44 ./COTS/MCAL/MUART/MUART_program.o
                0x00000176                MUART_vTransmit_Asynch
 .text.MUART_vRecieve_Asynch
                0x000001ba       0x18 ./COTS/MCAL/MUART/MUART_program.o
                0x000001ba                MUART_vRecieve_Asynch
 .text.MUART_vSetCallBack
                0x000001d2       0x2a ./COTS/MCAL/MUART/MUART_program.o
                0x000001d2                MUART_vSetCallBack
 .text.__vector_13
                0x000001fc       0x74 ./COTS/MCAL/MUART/MUART_program.o
                0x000001fc                __vector_13
 .text.__vector_14
                0x00000270       0x52 ./COTS/MCAL/MUART/MUART_program.o
                0x00000270                __vector_14
 .text.__vector_15
                0x000002c2       0x80 ./COTS/MCAL/MUART/MUART_program.o
                0x000002c2                __vector_15
 .text.MUART_u8CompareString
                0x00000342       0x10 ./COTS/MCAL/MUART/MUART_program.o
                0x00000342                MUART_u8CompareString
 .text.MTIMER0_vInit
                0x00000352       0x32 ./COTS/MCAL/MTimers/MTimers_program.o
                0x00000352                MTIMER0_vInit
 .text.MTIMER1_vInit
                0x00000384       0x5c ./COTS/MCAL/MTimers/MTimers_program.o
                0x00000384                MTIMER1_vInit
 .text.MTIMER2_vInit
                0x000003e0       0x26 ./COTS/MCAL/MTimers/MTimers_program.o
                0x000003e0                MTIMER2_vInit
 .text.MTIMERS_vSetPreloadValue
                0x00000406       0x1a ./COTS/MCAL/MTimers/MTimers_program.o
                0x00000406                MTIMERS_vSetPreloadValue
 .text.MTIMERS_vSetCompareValue
                0x00000420       0x1a ./COTS/MCAL/MTimers/MTimers_program.o
                0x00000420                MTIMERS_vSetCompareValue
 .text.MTIMER1_vSetTopValue
                0x0000043a        0x6 ./COTS/MCAL/MTimers/MTimers_program.o
                0x0000043a                MTIMER1_vSetTopValue
 .text.MTIMERS_vStartTimer
                0x00000440       0x48 ./COTS/MCAL/MTimers/MTimers_program.o
                0x00000440                MTIMERS_vStartTimer
 .text.MTIMERS_vSetInterval_CTC_Asynch
                0x00000488       0x62 ./COTS/MCAL/MTimers/MTimers_program.o
                0x00000488                MTIMERS_vSetInterval_CTC_Asynch
 .text.MTIMERS_vSetInterval_OVF_Asynch
                0x000004ea       0x50 ./COTS/MCAL/MTimers/MTimers_program.o
                0x000004ea                MTIMERS_vSetInterval_OVF_Asynch
 .text.MTIMERS_vStopTimer
                0x0000053a       0x48 ./COTS/MCAL/MTimers/MTimers_program.o
                0x0000053a                MTIMERS_vStopTimer
 .text.MTIMERS_u16GetCapturedValue
                0x00000582        0x8 ./COTS/MCAL/MTimers/MTimers_program.o
                0x00000582                MTIMERS_u16GetCapturedValue
 .text.MTIMERS_u16GetElapsedTime
                0x0000058a       0x26 ./COTS/MCAL/MTimers/MTimers_program.o
                0x0000058a                MTIMERS_u16GetElapsedTime
 .text.MTIMERS_vSetICU_Trigger
                0x000005b0       0x1a ./COTS/MCAL/MTimers/MTimers_program.o
                0x000005b0                MTIMERS_vSetICU_Trigger
 .text.MTIMERS_vEnableInterrupt
                0x000005ca       0x6c ./COTS/MCAL/MTimers/MTimers_program.o
                0x000005ca                MTIMERS_vEnableInterrupt
 .text.MTIMERS_vDisableInterrupt
                0x00000636       0x6c ./COTS/MCAL/MTimers/MTimers_program.o
                0x00000636                MTIMERS_vDisableInterrupt
 .text.MTIMERS_vSetCallBack
                0x000006a2       0x88 ./COTS/MCAL/MTimers/MTimers_program.o
                0x000006a2                MTIMERS_vSetCallBack
 .text.__vector_11
                0x0000072a       0x7a ./COTS/MCAL/MTimers/MTimers_program.o
                0x0000072a                __vector_11
 .text.__vector_10
                0x000007a4       0x7a ./COTS/MCAL/MTimers/MTimers_program.o
                0x000007a4                __vector_10
 .text.__vector_6
                0x0000081e       0x4e ./COTS/MCAL/MTimers/MTimers_program.o
                0x0000081e                __vector_6
 .text.__vector_7
                0x0000086c       0x4e ./COTS/MCAL/MTimers/MTimers_program.o
                0x0000086c                __vector_7
 .text.__vector_8
                0x000008ba       0x4e ./COTS/MCAL/MTimers/MTimers_program.o
                0x000008ba                __vector_8
 .text.__vector_9
                0x00000908       0x4e ./COTS/MCAL/MTimers/MTimers_program.o
                0x00000908                __vector_9
 .text.__vector_4
                0x00000956       0x4e ./COTS/MCAL/MTimers/MTimers_program.o
                0x00000956                __vector_4
 .text.__vector_5
                0x000009a4       0x4e ./COTS/MCAL/MTimers/MTimers_program.o
                0x000009a4                __vector_5
 .text.MSPI_u8Transecieve
                0x000009f2        0xe ./COTS/MCAL/MSPI/MSPI_program.o
                0x000009f2                MSPI_u8Transecieve
 .text.MSPI_vMasterTransmit
                0x00000a00        0x8 ./COTS/MCAL/MSPI/MSPI_program.o
                0x00000a00                MSPI_vMasterTransmit
 .text.MSPI_u8MasterRecieve
                0x00000a08        0x8 ./COTS/MCAL/MSPI/MSPI_program.o
                0x00000a08                MSPI_u8MasterRecieve
 .text.MSPI_vSlaveTransmit
                0x00000a10        0x8 ./COTS/MCAL/MSPI/MSPI_program.o
                0x00000a10                MSPI_vSlaveTransmit
 .text.MSPI_u8SlaveRecieve
                0x00000a18        0x8 ./COTS/MCAL/MSPI/MSPI_program.o
                0x00000a18                MSPI_u8SlaveRecieve
 .text.MSPI_vENABLE
                0x00000a20        0x4 ./COTS/MCAL/MSPI/MSPI_program.o
                0x00000a20                MSPI_vENABLE
 .text.MSPI_vDISABLE
                0x00000a24        0x4 ./COTS/MCAL/MSPI/MSPI_program.o
                0x00000a24                MSPI_vDISABLE
 .text.MSPI_vSetCallBack
                0x00000a28        0xa ./COTS/MCAL/MSPI/MSPI_program.o
                0x00000a28                MSPI_vSetCallBack
 .text.__vector_12
                0x00000a32       0x52 ./COTS/MCAL/MSPI/MSPI_program.o
                0x00000a32                __vector_12
 .text.MSPI_vInit
                0x00000a84       0x32 ./COTS/MCAL/MSPI/MSPI_program.o
                0x00000a84                MSPI_vInit
 .text.MI2C_vInit
                0x00000ab6       0x18 ./COTS/MCAL/MI2C/MI2C_program.o
                0x00000ab6                MI2C_vInit
 .text.MI2C_u8SendStartCondition
                0x00000ace       0x10 ./COTS/MCAL/MI2C/MI2C_program.o
                0x00000ace                MI2C_u8SendStartCondition
 .text.MI2C_u8SendRepeatedStartCondition
                0x00000ade       0x10 ./COTS/MCAL/MI2C/MI2C_program.o
                0x00000ade                MI2C_u8SendRepeatedStartCondition
 .text.MI2C_u8SendSlaveAddressRW
                0x00000aee       0x1c ./COTS/MCAL/MI2C/MI2C_program.o
                0x00000aee                MI2C_u8SendSlaveAddressRW
 .text.MI2C_u8SendByte
                0x00000b0a       0x12 ./COTS/MCAL/MI2C/MI2C_program.o
                0x00000b0a                MI2C_u8SendByte
 .text.MI2C_u8RecieveByte
                0x00000b1c       0x28 ./COTS/MCAL/MI2C/MI2C_program.o
                0x00000b1c                MI2C_u8RecieveByte
 .text.MI2C_u8SendStopCondition
                0x00000b44        0xa ./COTS/MCAL/MI2C/MI2C_program.o
                0x00000b44                MI2C_u8SendStopCondition
 .text.MI2C_u8GetStatus
                0x00000b4e        0x6 ./COTS/MCAL/MI2C/MI2C_program.o
                0x00000b4e                MI2C_u8GetStatus
 .text.MGIE_vEnableGlobalInterrupt
                0x00000b54        0x8 ./COTS/MCAL/MGIE/MGIE_program.o
                0x00000b54                MGIE_vEnableGlobalInterrupt
 .text.MGIE_vDisableGlobalInterrupt
                0x00000b5c        0x8 ./COTS/MCAL/MGIE/MGIE_program.o
                0x00000b5c                MGIE_vDisableGlobalInterrupt
 .text.MEXTI_vInit
                0x00000b64       0x14 ./COTS/MCAL/MEXTI/MEXTI_program.o
                0x00000b64                MEXTI_vInit
 .text.MEXTI_vEnableInterrupt
                0x00000b78       0x22 ./COTS/MCAL/MEXTI/MEXTI_program.o
                0x00000b78                MEXTI_vEnableInterrupt
 .text.MEXTI_vDisableInterrupt
                0x00000b9a       0x22 ./COTS/MCAL/MEXTI/MEXTI_program.o
                0x00000b9a                MEXTI_vDisableInterrupt
 .text.MEXTI_vSetSenseControl
                0x00000bbc       0xa6 ./COTS/MCAL/MEXTI/MEXTI_program.o
                0x00000bbc                MEXTI_vSetSenseControl
 .text.MEXTI_vSetCallBack
                0x00000c62       0x2a ./COTS/MCAL/MEXTI/MEXTI_program.o
                0x00000c62                MEXTI_vSetCallBack
 .text.MDIO_vSetPinDirection
                0x00000c8c       0xe6 ./COTS/MCAL/MDIO/MDIO_prog.o
                0x00000c8c                MDIO_vSetPinDirection
 .text.MDIO_vSetPortDirection
                0x00000d72       0x22 ./COTS/MCAL/MDIO/MDIO_prog.o
                0x00000d72                MDIO_vSetPortDirection
 .text.MDIO_vSetPinValue
                0x00000d94       0xe6 ./COTS/MCAL/MDIO/MDIO_prog.o
                0x00000d94                MDIO_vSetPinValue
 .text.MDIO_vSetPortValue
                0x00000e7a       0x22 ./COTS/MCAL/MDIO/MDIO_prog.o
                0x00000e7a                MDIO_vSetPortValue
 .text.MDIO_u8GetPinValue
                0x00000e9c       0x40 ./COTS/MCAL/MDIO/MDIO_prog.o
                0x00000e9c                MDIO_u8GetPinValue
 .text.MDIO_u8GetPortValue
                0x00000edc       0x24 ./COTS/MCAL/MDIO/MDIO_prog.o
                0x00000edc                MDIO_u8GetPortValue
 .text.MDIO_vTogglePinValue
                0x00000f00       0x6a ./COTS/MCAL/MDIO/MDIO_prog.o
                0x00000f00                MDIO_vTogglePinValue
 .text.MDIO_s32MappingValue
                0x00000f6a       0x32 ./COTS/MCAL/MDIO/MDIO_prog.o
                0x00000f6a                MDIO_s32MappingValue
 .text.MADC_vInit
                0x00000f9c       0x1c ./COTS/MCAL/MADC/MADC_program.o
                0x00000f9c                MADC_vInit
 .text.MADC_u16ConvertAnalog_to_Digital
                0x00000fb8       0x1a ./COTS/MCAL/MADC/MADC_program.o
                0x00000fb8                MADC_u16ConvertAnalog_to_Digital
 .text.MADC_vStartConversion
                0x00000fd2        0xe ./COTS/MCAL/MADC/MADC_program.o
                0x00000fd2                MADC_vStartConversion
 .text.MADC_GetADCData
                0x00000fe0        0x8 ./COTS/MCAL/MADC/MADC_program.o
                0x00000fe0                MADC_GetADCData
 .text.MADC_vSetCallBack
                0x00000fe8        0xa ./COTS/MCAL/MADC/MADC_program.o
                0x00000fe8                MADC_vSetCallBack
 .text.HSSD_vTurnOFF
                0x00000ff2        0xa ./COTS/HAL/HSSD/HSSD_prog.o
                0x00000ff2                HSSD_vTurnOFF
 .text.HSSD_vDispNum
                0x00000ffc       0x28 ./COTS/HAL/HSSD/HSSD_prog.o
                0x00000ffc                HSSD_vDispNum
 .text.HLM35_u16GetTemperature
                0x00001024       0x46 ./COTS/HAL/HLM35/HLM35_program.o
                0x00001024                HLM35_u16GetTemperature
 .text.HLCD_vSendData
                0x0000106a       0x5c ./COTS/HAL/HLCD/HLCD_progr.o
                0x0000106a                HLCD_vSendData
 .text.HLCD_vDispNumber
                0x000010c6       0xb8 ./COTS/HAL/HLCD/HLCD_progr.o
                0x000010c6                HLCD_vDispNumber
 .text.HLCD_vDispString
                0x0000117e       0x26 ./COTS/HAL/HLCD/HLCD_progr.o
                0x0000117e                HLCD_vDispString
 .text.HLCD_vSendCommand
                0x000011a4       0x5c ./COTS/HAL/HLCD/HLCD_progr.o
                0x000011a4                HLCD_vSendCommand
 .text.HLCD_vSetCursorBlinkingOFF
                0x00001200       0x2c ./COTS/HAL/HLCD/HLCD_progr.o
                0x00001200                HLCD_vSetCursorBlinkingOFF
 .text.HLCD_vDispCursorWithBlinking
                0x0000122c       0x2c ./COTS/HAL/HLCD/HLCD_progr.o
                0x0000122c                HLCD_vDispCursorWithBlinking
 .text.HLCD_vSetDispOFF
                0x00001258       0x2c ./COTS/HAL/HLCD/HLCD_progr.o
                0x00001258                HLCD_vSetDispOFF
 .text.HLCD_vSetShiftLeftOn
                0x00001284       0x2c ./COTS/HAL/HLCD/HLCD_progr.o
                0x00001284                HLCD_vSetShiftLeftOn
 .text.HLCD_vDispShiftLeftString
                0x000012b0       0x5a ./COTS/HAL/HLCD/HLCD_progr.o
                0x000012b0                HLCD_vDispShiftLeftString
 .text.HLCD_vGoTo
                0x0000130a       0x26 ./COTS/HAL/HLCD/HLCD_progr.o
                0x0000130a                HLCD_vGoTo
 .text.HLCD_vSaveCustomChar
                0x00001330       0x3e ./COTS/HAL/HLCD/HLCD_progr.o
                0x00001330                HLCD_vSaveCustomChar
 .text.HLCD_vClear
                0x0000136e       0x16 ./COTS/HAL/HLCD/HLCD_progr.o
                0x0000136e                HLCD_vClear
 .text.HLCD_vInit
                0x00001384       0x8a ./COTS/HAL/HLCD/HLCD_progr.o
                0x00001384                HLCD_vInit
 .text.HKEYPAD_u8Getpressed
                0x0000140e       0x8e ./COTS/HAL/HKEYPAD/HKEYPAD_prog.o
                0x0000140e                HKEYPAD_u8Getpressed
 .text.HKEYPAD_vInit
                0x0000149c       0x12 ./COTS/HAL/HKEYPAD/HKEYPAD_prog.o
                0x0000149c                HKEYPAD_vInit
 .text.HEEPROM_u8ReadByte
                0x000014ae       0x5a ./COTS/HAL/HEEPROM/HEEPROM_program.o
                0x000014ae                HEEPROM_u8ReadByte
 .text.HEEPROM_vWriteByte
                0x00001508       0x36 ./COTS/HAL/HEEPROM/HEEPROM_program.o
                0x00001508                HEEPROM_vWriteByte
 .text.HDCM_vRotate_CW
                0x0000153e        0x2 ./COTS/HAL/HDCM/HDCM_program.o
                0x0000153e                HDCM_vRotate_CW
 .text.HDCM_vRotate_CCW
                0x00001540        0x2 ./COTS/HAL/HDCM/HDCM_program.o
                0x00001540                HDCM_vRotate_CCW
 .text.HDCM_vStopMotor
                0x00001542       0x1e ./COTS/HAL/HDCM/HDCM_program.o
                0x00001542                HDCM_vStopMotor
 .text.HDCM_vRotateMotor
                0x00001560       0x5e ./COTS/HAL/HDCM/HDCM_program.o
                0x00001560                HDCM_vRotateMotor
 .text.main     0x000015be       0x14 ./COTS/APP/main.o
                0x000015be                main
 .text.libgcc   0x000015d2       0x26 d:/imt_avr/embedded system/sdk/imt_sdk_win_64/winavr/bin/../lib/gcc/avr/4.3.3/avr5\libgcc.a(_divmodhi4.o)
                0x000015d2                __divmodhi4
                0x000015d2                _div
 .text.libgcc   0x000015f8        0x0 d:/imt_avr/embedded system/sdk/imt_sdk_win_64/winavr/bin/../lib/gcc/avr/4.3.3/avr5\libgcc.a(_exit.o)
 .text.libgcc   0x000015f8        0x0 d:/imt_avr/embedded system/sdk/imt_sdk_win_64/winavr/bin/../lib/gcc/avr/4.3.3/avr5\libgcc.a(_copy_data.o)
 .text.libgcc   0x000015f8        0x0 d:/imt_avr/embedded system/sdk/imt_sdk_win_64/winavr/bin/../lib/gcc/avr/4.3.3/avr5\libgcc.a(_clear_bss.o)
 .text.libgcc   0x000015f8       0x28 d:/imt_avr/embedded system/sdk/imt_sdk_win_64/winavr/bin/../lib/gcc/avr/4.3.3/avr5\libgcc.a(_udivmodhi4.o)
                0x000015f8                __udivmodhi4
 .text.avr-libc
                0x00001620       0x12 d:/imt_avr/embedded system/sdk/imt_sdk_win_64/winavr/bin/../lib/gcc/avr/4.3.3/../../../../avr/lib/avr5\libc.a(strcmp.o)
                0x00001620                strcmp
                0x00001632                . = ALIGN (0x2)
 *(.fini9)
 .fini9         0x00001632        0x0 d:/imt_avr/embedded system/sdk/imt_sdk_win_64/winavr/bin/../lib/gcc/avr/4.3.3/avr5\libgcc.a(_exit.o)
                0x00001632                exit
                0x00001632                _exit
 *(.fini9)
 *(.fini8)
 *(.fini8)
 *(.fini7)
 *(.fini7)
 *(.fini6)
 *(.fini6)
 *(.fini5)
 *(.fini5)
 *(.fini4)
 *(.fini4)
 *(.fini3)
 *(.fini3)
 *(.fini2)
 *(.fini2)
 *(.fini1)
 *(.fini1)
 *(.fini0)
 .fini0         0x00001632        0x4 d:/imt_avr/embedded system/sdk/imt_sdk_win_64/winavr/bin/../lib/gcc/avr/4.3.3/avr5\libgcc.a(_exit.o)
 *(.fini0)
                0x00001636                _etext = .

.data           0x00800060       0x1e load address 0x00001636
                0x00800060                PROVIDE (__data_start, .)
 *(.data)
 .data          0x00800060        0x0 d:/imt_avr/embedded system/sdk/imt_sdk_win_64/winavr/bin/../lib/gcc/avr/4.3.3/../../../../avr/lib/avr5/crtm32.o
 .data          0x00800060        0x0 ./COTS/MCAL/MWatchDogTimer/MWatchDogTimer_program.o
 .data          0x00800060        0x0 ./COTS/MCAL/MUART/MUART_program.o
 .data          0x00800060        0x0 ./COTS/MCAL/MTimers/MTimers_program.o
 .data          0x00800060        0x0 ./COTS/MCAL/MSPI/MSPI_program.o
 .data          0x00800060        0x0 ./COTS/MCAL/MI2C/MI2C_program.o
 .data          0x00800060        0x0 ./COTS/MCAL/MGIE/MGIE_program.o
 .data          0x00800060        0x0 ./COTS/MCAL/MEXTI/MEXTI_program.o
 .data          0x00800060        0x0 ./COTS/MCAL/MDIO/MDIO_prog.o
 .data          0x00800060        0x0 ./COTS/MCAL/MADC/MADC_program.o
 .data          0x00800060        0x0 ./COTS/HAL/HSSD/HSSD_prog.o
 .data          0x00800060        0x0 ./COTS/HAL/HLM35/HLM35_program.o
 .data          0x00800060        0x0 ./COTS/HAL/HLDR/HLDR_program.o
 .data          0x00800060        0x0 ./COTS/HAL/HLCD/HLCD_progr.o
 .data          0x00800060        0x0 ./COTS/HAL/HKEYPAD/HKEYPAD_prog.o
 .data          0x00800060        0x0 ./COTS/HAL/HEEPROM/HEEPROM_program.o
 .data          0x00800060        0x0 ./COTS/HAL/HDCM/HDCM_program.o
 .data          0x00800060        0x4 ./COTS/APP/main.o
 .data          0x00800064        0x0 d:/imt_avr/embedded system/sdk/imt_sdk_win_64/winavr/bin/../lib/gcc/avr/4.3.3/avr5\libgcc.a(_divmodhi4.o)
 .data          0x00800064        0x0 d:/imt_avr/embedded system/sdk/imt_sdk_win_64/winavr/bin/../lib/gcc/avr/4.3.3/avr5\libgcc.a(_exit.o)
 .data          0x00800064        0x0 d:/imt_avr/embedded system/sdk/imt_sdk_win_64/winavr/bin/../lib/gcc/avr/4.3.3/avr5\libgcc.a(_copy_data.o)
 .data          0x00800064        0x0 d:/imt_avr/embedded system/sdk/imt_sdk_win_64/winavr/bin/../lib/gcc/avr/4.3.3/avr5\libgcc.a(_clear_bss.o)
 .data          0x00800064        0x0 d:/imt_avr/embedded system/sdk/imt_sdk_win_64/winavr/bin/../lib/gcc/avr/4.3.3/avr5\libgcc.a(_udivmodhi4.o)
 .data          0x00800064        0x0 d:/imt_avr/embedded system/sdk/imt_sdk_win_64/winavr/bin/../lib/gcc/avr/4.3.3/../../../../avr/lib/avr5\libc.a(strcmp.o)
 *(.data*)
 .data.kmap     0x00800064       0x10 ./COTS/HAL/HKEYPAD/HKEYPAD_prog.o
                0x00800064                kmap
 *(.rodata)
 *(.rodata*)
 .rodata.SCG_u8SSD_Nums
                0x00800074        0xa ./COTS/HAL/HSSD/HSSD_prog.o
 *(.gnu.linkonce.d*)
                0x0080007e                . = ALIGN (0x2)
                0x0080007e                _edata = .
                0x0080007e                PROVIDE (__data_end, .)

.bss            0x0080007e       0x2e
                0x0080007e                PROVIDE (__bss_start, .)
 *(.bss)
 .bss           0x0080007e        0x0 d:/imt_avr/embedded system/sdk/imt_sdk_win_64/winavr/bin/../lib/gcc/avr/4.3.3/../../../../avr/lib/avr5/crtm32.o
 .bss           0x0080007e        0x0 ./COTS/MCAL/MWatchDogTimer/MWatchDogTimer_program.o
 .bss           0x0080007e        0x0 ./COTS/MCAL/MUART/MUART_program.o
 .bss           0x0080007e        0x0 ./COTS/MCAL/MTimers/MTimers_program.o
 .bss           0x0080007e        0x0 ./COTS/MCAL/MSPI/MSPI_program.o
 .bss           0x0080007e        0x0 ./COTS/MCAL/MI2C/MI2C_program.o
 .bss           0x0080007e        0x0 ./COTS/MCAL/MGIE/MGIE_program.o
 .bss           0x0080007e        0x0 ./COTS/MCAL/MEXTI/MEXTI_program.o
 .bss           0x0080007e        0x0 ./COTS/MCAL/MDIO/MDIO_prog.o
 .bss           0x0080007e        0x0 ./COTS/MCAL/MADC/MADC_program.o
 .bss           0x0080007e        0x0 ./COTS/HAL/HSSD/HSSD_prog.o
 .bss           0x0080007e        0x0 ./COTS/HAL/HLM35/HLM35_program.o
 .bss           0x0080007e        0x0 ./COTS/HAL/HLDR/HLDR_program.o
 .bss           0x0080007e        0x0 ./COTS/HAL/HLCD/HLCD_progr.o
 .bss           0x0080007e        0x0 ./COTS/HAL/HKEYPAD/HKEYPAD_prog.o
 .bss           0x0080007e        0x0 ./COTS/HAL/HEEPROM/HEEPROM_program.o
 .bss           0x0080007e        0x0 ./COTS/HAL/HDCM/HDCM_program.o
 .bss           0x0080007e        0x0 ./COTS/APP/main.o
 .bss           0x0080007e        0x0 d:/imt_avr/embedded system/sdk/imt_sdk_win_64/winavr/bin/../lib/gcc/avr/4.3.3/avr5\libgcc.a(_divmodhi4.o)
 .bss           0x0080007e        0x0 d:/imt_avr/embedded system/sdk/imt_sdk_win_64/winavr/bin/../lib/gcc/avr/4.3.3/avr5\libgcc.a(_exit.o)
 .bss           0x0080007e        0x0 d:/imt_avr/embedded system/sdk/imt_sdk_win_64/winavr/bin/../lib/gcc/avr/4.3.3/avr5\libgcc.a(_copy_data.o)
 .bss           0x0080007e        0x0 d:/imt_avr/embedded system/sdk/imt_sdk_win_64/winavr/bin/../lib/gcc/avr/4.3.3/avr5\libgcc.a(_clear_bss.o)
 .bss           0x0080007e        0x0 d:/imt_avr/embedded system/sdk/imt_sdk_win_64/winavr/bin/../lib/gcc/avr/4.3.3/avr5\libgcc.a(_udivmodhi4.o)
 .bss           0x0080007e        0x0 d:/imt_avr/embedded system/sdk/imt_sdk_win_64/winavr/bin/../lib/gcc/avr/4.3.3/../../../../avr/lib/avr5\libc.a(strcmp.o)
 *(.bss*)
 .bss.GS_Global_UART_CallBack
                0x0080007e        0x6 ./COTS/MCAL/MUART/MUART_program.o
 .bss.GS_Pu8Internal_TXBuffer
                0x00800084        0x2 ./COTS/MCAL/MUART/MUART_program.o
 .bss.GS_u16TXBufferCounter
                0x00800086        0x2 ./COTS/MCAL/MUART/MUART_program.o
 .bss.GS_Pu8Internal_RXBuffer
                0x00800088        0x2 ./COTS/MCAL/MUART/MUART_program.o
 .bss.GS_u16RXBufferCounter
                0x0080008a        0x2 ./COTS/MCAL/MUART/MUART_program.o
 .bss.G_u32IntervalCounts
                0x0080008c        0x2 ./COTS/MCAL/MTimers/MTimers_program.o
                0x0080008c                G_u32IntervalCounts
 .bss.GS_TIMER2_vpPtrToFunction
                0x0080008e        0x4 ./COTS/MCAL/MTimers/MTimers_program.o
 .bss.GS_TIMER1_vpPtrToFunction
                0x00800092        0x8 ./COTS/MCAL/MTimers/MTimers_program.o
 .bss.GS_TIMER0_vpPtrToFunction
                0x0080009a        0x4 ./COTS/MCAL/MTimers/MTimers_program.o
 .bss.LS_u32CTC_Counter.1593
                0x0080009e        0x2 ./COTS/MCAL/MTimers/MTimers_program.o
 .bss.LS_u32OVF_Counter.1583
                0x008000a0        0x2 ./COTS/MCAL/MTimers/MTimers_program.o
 .bss.GS_Global_SPI_CallBack
                0x008000a2        0x2 ./COTS/MCAL/MSPI/MSPI_program.o
 .bss.MEXTI_vpPointerTo_INT0_function
                0x008000a4        0x2 ./COTS/MCAL/MEXTI/MEXTI_program.o
                0x008000a4                MEXTI_vpPointerTo_INT0_function
 .bss.MEXTI_vpPointerTo_INT1_function
                0x008000a6        0x2 ./COTS/MCAL/MEXTI/MEXTI_program.o
                0x008000a6                MEXTI_vpPointerTo_INT1_function
 .bss.MEXTI_vpPointerTo_INT2_function
                0x008000a8        0x2 ./COTS/MCAL/MEXTI/MEXTI_program.o
                0x008000a8                MEXTI_vpPointerTo_INT2_function
 .bss.MADC_vpPointerToFunction
                0x008000aa        0x2 ./COTS/MCAL/MADC/MADC_program.o
                0x008000aa                MADC_vpPointerToFunction
 *(COMMON)
                0x008000ac                PROVIDE (__bss_end, .)
                0x00001636                __data_load_start = LOADADDR (.data)
                0x00001654                __data_load_end = (__data_load_start + SIZEOF (.data))

.noinit         0x008000ac        0x0
                0x008000ac                PROVIDE (__noinit_start, .)
 *(.noinit*)
                0x008000ac                PROVIDE (__noinit_end, .)
                0x008000ac                _end = .
                0x008000ac                PROVIDE (__heap_start, .)

.eeprom         0x00810000        0x0
 *(.eeprom*)
                0x00810000                __eeprom_end = .

.fuse
 *(.fuse)
 *(.lfuse)
 *(.hfuse)
 *(.efuse)

.lock
 *(.lock*)

.signature
 *(.signature*)

.stab
 *(.stab)

.stabstr
 *(.stabstr)

.stab.excl
 *(.stab.excl)

.stab.exclstr
 *(.stab.exclstr)

.stab.index
 *(.stab.index)

.stab.indexstr
 *(.stab.indexstr)

.comment
 *(.comment)

.debug
 *(.debug)

.line
 *(.line)

.debug_srcinfo
 *(.debug_srcinfo)

.debug_sfnames
 *(.debug_sfnames)

.debug_aranges
 *(.debug_aranges)

.debug_pubnames
 *(.debug_pubnames)

.debug_info
 *(.debug_info)
 *(.gnu.linkonce.wi.*)

.debug_abbrev
 *(.debug_abbrev)

.debug_line
 *(.debug_line)

.debug_frame
 *(.debug_frame)

.debug_str
 *(.debug_str)

.debug_loc
 *(.debug_loc)

.debug_macinfo
 *(.debug_macinfo)
OUTPUT(PE_Drivers.elf elf32-avr)
LOAD linker stubs
