Archive member included because of file (symbol)

d:/es/embedded system/sdk/imt_sdk_win_64/winavr/bin/../lib/gcc/avr/4.3.3/avr5\libgcc.a(_divmodhi4.o)
                              ./COTS/MCAL/MDIO/MDIO_prog.o (__divmodhi4)
d:/es/embedded system/sdk/imt_sdk_win_64/winavr/bin/../lib/gcc/avr/4.3.3/avr5\libgcc.a(_exit.o)
                              d:/es/embedded system/sdk/imt_sdk_win_64/winavr/bin/../lib/gcc/avr/4.3.3/../../../../avr/lib/avr5/crtm32.o (exit)
d:/es/embedded system/sdk/imt_sdk_win_64/winavr/bin/../lib/gcc/avr/4.3.3/avr5\libgcc.a(_copy_data.o)
                              ./COTS/HAL/HSSD/HSSD_prog.o (__do_copy_data)
d:/es/embedded system/sdk/imt_sdk_win_64/winavr/bin/../lib/gcc/avr/4.3.3/avr5\libgcc.a(_clear_bss.o)
                              ./COTS/MCAL/MUART/MUART_program.o (__do_clear_bss)
d:/es/embedded system/sdk/imt_sdk_win_64/winavr/bin/../lib/gcc/avr/4.3.3/avr5\libgcc.a(_udivmodhi4.o)
                              d:/es/embedded system/sdk/imt_sdk_win_64/winavr/bin/../lib/gcc/avr/4.3.3/avr5\libgcc.a(_divmodhi4.o) (__udivmodhi4)
d:/es/embedded system/sdk/imt_sdk_win_64/winavr/bin/../lib/gcc/avr/4.3.3/../../../../avr/lib/avr5\libc.a(strcmp.o)
                              ./COTS/MCAL/MUART/MUART_program.o (strcmp)

Memory Configuration

Name             Origin             Length             Attributes
text             0x00000000         0x00020000         xr
data             0x00800060         0x0000ffa0         rw !x
eeprom           0x00810000         0x00010000         rw !x
fuse             0x00820000         0x00000400         rw !x
lock             0x00830000         0x00000400         rw !x
signature        0x00840000         0x00000400         rw !x
*default*        0x00000000         0xffffffff

Linker script and memory map

LOAD d:/es/embedded system/sdk/imt_sdk_win_64/winavr/bin/../lib/gcc/avr/4.3.3/../../../../avr/lib/avr5/crtm32.o
LOAD ./COTS/MCAL/MWatchDogTimer/MWatchDogTimer_program.o
LOAD ./COTS/MCAL/MUART/MUART_program.o
LOAD ./COTS/MCAL/MTimers/MTimers_program.o
LOAD ./COTS/MCAL/MSPI/MSPI_program.o
LOAD ./COTS/MCAL/MGIE/MGIE_program.o
LOAD ./COTS/MCAL/MEXTI/MEXTI_program.o
LOAD ./COTS/MCAL/MDIO/MDIO_prog.o
LOAD ./COTS/MCAL/MADC/MADC_program.o
LOAD ./COTS/HAL/HSSD/HSSD_prog.o
LOAD ./COTS/HAL/HLM35/HLM35_program.o
LOAD ./COTS/HAL/HLDR/HLDR_program.o
LOAD ./COTS/HAL/HLCD/HLCD_progr.o
LOAD ./COTS/HAL/HKEYPAD/HKEYPAD_prog.o
LOAD ./COTS/HAL/HDCM/HDCM_program.o
LOAD ./COTS/APP/main.o
LOAD d:/es/embedded system/sdk/imt_sdk_win_64/winavr/bin/../lib/gcc/avr/4.3.3/avr5\libgcc.a
LOAD d:/es/embedded system/sdk/imt_sdk_win_64/winavr/bin/../lib/gcc/avr/4.3.3/../../../../avr/lib/avr5\libc.a
LOAD d:/es/embedded system/sdk/imt_sdk_win_64/winavr/bin/../lib/gcc/avr/4.3.3/avr5\libgcc.a

.hash
 *(.hash)

.dynsym
 *(.dynsym)

.dynstr
 *(.dynstr)

.gnu.version
 *(.gnu.version)

.gnu.version_d
 *(.gnu.version_d)

.gnu.version_r
 *(.gnu.version_r)

.rel.init
 *(.rel.init)

.rela.init
 *(.rela.init)

.rel.text
 *(.rel.text)
 *(.rel.text.*)
 *(.rel.gnu.linkonce.t*)

.rela.text
 *(.rela.text)
 *(.rela.text.*)
 *(.rela.gnu.linkonce.t*)

.rel.fini
 *(.rel.fini)

.rela.fini
 *(.rela.fini)

.rel.rodata
 *(.rel.rodata)
 *(.rel.rodata.*)
 *(.rel.gnu.linkonce.r*)

.rela.rodata
 *(.rela.rodata)
 *(.rela.rodata.*)
 *(.rela.gnu.linkonce.r*)

.rel.data
 *(.rel.data)
 *(.rel.data.*)
 *(.rel.gnu.linkonce.d*)

.rela.data
 *(.rela.data)
 *(.rela.data.*)
 *(.rela.gnu.linkonce.d*)

.rel.ctors
 *(.rel.ctors)

.rela.ctors
 *(.rela.ctors)

.rel.dtors
 *(.rel.dtors)

.rela.dtors
 *(.rela.dtors)

.rel.got
 *(.rel.got)

.rela.got
 *(.rela.got)

.rel.bss
 *(.rel.bss)

.rela.bss
 *(.rela.bss)

.rel.plt
 *(.rel.plt)

.rela.plt
 *(.rela.plt)

.text           0x00000000     0x1452
 *(.vectors)
 .vectors       0x00000000       0x54 d:/es/embedded system/sdk/imt_sdk_win_64/winavr/bin/../lib/gcc/avr/4.3.3/../../../../avr/lib/avr5/crtm32.o
                0x00000000                __vectors
                0x00000000                __vector_default
 *(.vectors)
 *(.progmem.gcc*)
 *(.progmem*)
                0x00000054                . = ALIGN (0x2)
                0x00000054                __trampolines_start = .
 *(.trampolines)
 .trampolines   0x00000054        0x0 linker stubs
 *(.trampolines*)
                0x00000054                __trampolines_end = .
 *(.jumptables)
 *(.jumptables*)
 *(.lowtext)
 *(.lowtext*)
                0x00000054                __ctors_start = .
 *(.ctors)
                0x00000054                __ctors_end = .
                0x00000054                __dtors_start = .
 *(.dtors)
                0x00000054                __dtors_end = .
 SORT(*)(.ctors)
 SORT(*)(.dtors)
 *(.init0)
 .init0         0x00000054        0x0 d:/es/embedded system/sdk/imt_sdk_win_64/winavr/bin/../lib/gcc/avr/4.3.3/../../../../avr/lib/avr5/crtm32.o
                0x00000054                __init
 *(.init0)
 *(.init1)
 *(.init1)
 *(.init2)
 .init2         0x00000054        0xc d:/es/embedded system/sdk/imt_sdk_win_64/winavr/bin/../lib/gcc/avr/4.3.3/../../../../avr/lib/avr5/crtm32.o
 *(.init2)
 *(.init3)
 *(.init3)
 *(.init4)
 .init4         0x00000060       0x16 d:/es/embedded system/sdk/imt_sdk_win_64/winavr/bin/../lib/gcc/avr/4.3.3/avr5\libgcc.a(_copy_data.o)
                0x00000060                __do_copy_data
 .init4         0x00000076       0x10 d:/es/embedded system/sdk/imt_sdk_win_64/winavr/bin/../lib/gcc/avr/4.3.3/avr5\libgcc.a(_clear_bss.o)
                0x00000076                __do_clear_bss
 *(.init4)
 *(.init5)
 *(.init5)
 *(.init6)
 *(.init6)
 *(.init7)
 *(.init7)
 *(.init8)
 *(.init8)
 *(.init9)
 .init9         0x00000086        0x8 d:/es/embedded system/sdk/imt_sdk_win_64/winavr/bin/../lib/gcc/avr/4.3.3/../../../../avr/lib/avr5/crtm32.o
 *(.init9)
 *(.text)
 .text          0x0000008e        0x4 d:/es/embedded system/sdk/imt_sdk_win_64/winavr/bin/../lib/gcc/avr/4.3.3/../../../../avr/lib/avr5/crtm32.o
                0x0000008e                __vector_1
                0x0000008e                __bad_interrupt
                0x0000008e                __vector_3
                0x0000008e                __vector_17
                0x0000008e                __vector_19
                0x0000008e                __vector_2
                0x0000008e                __vector_16
                0x0000008e                __vector_18
                0x0000008e                __vector_20
 .text          0x00000092        0x0 ./COTS/MCAL/MWatchDogTimer/MWatchDogTimer_program.o
 .text          0x00000092        0x0 ./COTS/MCAL/MUART/MUART_program.o
 .text          0x00000092        0x0 ./COTS/MCAL/MTimers/MTimers_program.o
 .text          0x00000092        0x0 ./COTS/MCAL/MSPI/MSPI_program.o
 .text          0x00000092        0x0 ./COTS/MCAL/MGIE/MGIE_program.o
 .text          0x00000092        0x0 ./COTS/MCAL/MEXTI/MEXTI_program.o
 .text          0x00000092        0x0 ./COTS/MCAL/MDIO/MDIO_prog.o
 .text          0x00000092        0x0 ./COTS/MCAL/MADC/MADC_program.o
 .text          0x00000092        0x0 ./COTS/HAL/HSSD/HSSD_prog.o
 .text          0x00000092        0x0 ./COTS/HAL/HLM35/HLM35_program.o
 .text          0x00000092        0x0 ./COTS/HAL/HLDR/HLDR_program.o
 .text          0x00000092        0x0 ./COTS/HAL/HLCD/HLCD_progr.o
 .text          0x00000092        0x0 ./COTS/HAL/HKEYPAD/HKEYPAD_prog.o
 .text          0x00000092        0x0 ./COTS/HAL/HDCM/HDCM_program.o
 .text          0x00000092        0x0 ./COTS/APP/main.o
 .text          0x00000092        0x0 d:/es/embedded system/sdk/imt_sdk_win_64/winavr/bin/../lib/gcc/avr/4.3.3/avr5\libgcc.a(_divmodhi4.o)
 .text          0x00000092        0x0 d:/es/embedded system/sdk/imt_sdk_win_64/winavr/bin/../lib/gcc/avr/4.3.3/avr5\libgcc.a(_exit.o)
 .text          0x00000092        0x0 d:/es/embedded system/sdk/imt_sdk_win_64/winavr/bin/../lib/gcc/avr/4.3.3/avr5\libgcc.a(_copy_data.o)
 .text          0x00000092        0x0 d:/es/embedded system/sdk/imt_sdk_win_64/winavr/bin/../lib/gcc/avr/4.3.3/avr5\libgcc.a(_clear_bss.o)
 .text          0x00000092        0x0 d:/es/embedded system/sdk/imt_sdk_win_64/winavr/bin/../lib/gcc/avr/4.3.3/avr5\libgcc.a(_udivmodhi4.o)
 .text          0x00000092        0x0 d:/es/embedded system/sdk/imt_sdk_win_64/winavr/bin/../lib/gcc/avr/4.3.3/../../../../avr/lib/avr5\libc.a(strcmp.o)
                0x00000092                . = ALIGN (0x2)
 *(.text.*)
 .text.MWDT_vTurnOn
                0x00000092       0x10 ./COTS/MCAL/MWatchDogTimer/MWatchDogTimer_program.o
                0x00000092                MWDT_vTurnOn
 .text.MWDT_vTurnOff
                0x000000a2        0x8 ./COTS/MCAL/MWatchDogTimer/MWatchDogTimer_program.o
                0x000000a2                MWDT_vTurnOff
 .text.MUART_vInit
                0x000000aa       0x32 ./COTS/MCAL/MUART/MUART_program.o
                0x000000aa                MUART_vInit
 .text.UART_vSetBAUDRate
                0x000000dc        0x4 ./COTS/MCAL/MUART/MUART_program.o
                0x000000dc                UART_vSetBAUDRate
 .text.MUART_vTransmit
                0x000000e0        0x8 ./COTS/MCAL/MUART/MUART_program.o
                0x000000e0                MUART_vTransmit
 .text.MUART_u8Receive
                0x000000e8        0x8 ./COTS/MCAL/MUART/MUART_program.o
                0x000000e8                MUART_u8Receive
 .text.MUART_vENABLE
                0x000000f0        0x6 ./COTS/MCAL/MUART/MUART_program.o
                0x000000f0                MUART_vENABLE
 .text.MUART_vDISABLE
                0x000000f6        0x6 ./COTS/MCAL/MUART/MUART_program.o
                0x000000f6                MUART_vDISABLE
 .text.MUART_s8GetUDR
                0x000000fc        0x4 ./COTS/MCAL/MUART/MUART_program.o
                0x000000fc                MUART_s8GetUDR
 .text.MUART_vRecieveString
                0x00000100       0x28 ./COTS/MCAL/MUART/MUART_program.o
                0x00000100                MUART_vRecieveString
 .text.MUART_vTransmitString
                0x00000128       0x14 ./COTS/MCAL/MUART/MUART_program.o
                0x00000128                MUART_vTransmitString
 .text.MUART_vFlush
                0x0000013c        0xa ./COTS/MCAL/MUART/MUART_program.o
                0x0000013c                MUART_vFlush
 .text.MUART_vSetCallBack
                0x00000146       0x2a ./COTS/MCAL/MUART/MUART_program.o
                0x00000146                MUART_vSetCallBack
 .text.__vector_13
                0x00000170       0x52 ./COTS/MCAL/MUART/MUART_program.o
                0x00000170                __vector_13
 .text.__vector_14
                0x000001c2       0x52 ./COTS/MCAL/MUART/MUART_program.o
                0x000001c2                __vector_14
 .text.__vector_15
                0x00000214       0x52 ./COTS/MCAL/MUART/MUART_program.o
                0x00000214                __vector_15
 .text.MUART_u8CompareString
                0x00000266       0x10 ./COTS/MCAL/MUART/MUART_program.o
                0x00000266                MUART_u8CompareString
 .text.MTIMER0_vInit
                0x00000276       0x32 ./COTS/MCAL/MTimers/MTimers_program.o
                0x00000276                MTIMER0_vInit
 .text.MTIMER1_vInit
                0x000002a8       0x5c ./COTS/MCAL/MTimers/MTimers_program.o
                0x000002a8                MTIMER1_vInit
 .text.MTIMER2_vInit
                0x00000304       0x26 ./COTS/MCAL/MTimers/MTimers_program.o
                0x00000304                MTIMER2_vInit
 .text.MTIMERS_vSetPreloadValue
                0x0000032a       0x1a ./COTS/MCAL/MTimers/MTimers_program.o
                0x0000032a                MTIMERS_vSetPreloadValue
 .text.MTIMERS_vSetCompareValue
                0x00000344       0x1a ./COTS/MCAL/MTimers/MTimers_program.o
                0x00000344                MTIMERS_vSetCompareValue
 .text.MTIMER1_vSetTopValue
                0x0000035e        0x6 ./COTS/MCAL/MTimers/MTimers_program.o
                0x0000035e                MTIMER1_vSetTopValue
 .text.MTIMERS_vStartTimer
                0x00000364       0x48 ./COTS/MCAL/MTimers/MTimers_program.o
                0x00000364                MTIMERS_vStartTimer
 .text.MTIMERS_vSetInterval_CTC_Asynch
                0x000003ac       0x62 ./COTS/MCAL/MTimers/MTimers_program.o
                0x000003ac                MTIMERS_vSetInterval_CTC_Asynch
 .text.MTIMERS_vSetInterval_OVF_Asynch
                0x0000040e       0x50 ./COTS/MCAL/MTimers/MTimers_program.o
                0x0000040e                MTIMERS_vSetInterval_OVF_Asynch
 .text.MTIMERS_vStopTimer
                0x0000045e       0x48 ./COTS/MCAL/MTimers/MTimers_program.o
                0x0000045e                MTIMERS_vStopTimer
 .text.MTIMERS_u16GetCapturedValue
                0x000004a6        0x8 ./COTS/MCAL/MTimers/MTimers_program.o
                0x000004a6                MTIMERS_u16GetCapturedValue
 .text.MTIMERS_u16GetElapsedTime
                0x000004ae       0x26 ./COTS/MCAL/MTimers/MTimers_program.o
                0x000004ae                MTIMERS_u16GetElapsedTime
 .text.MTIMERS_vSetICU_Trigger
                0x000004d4       0x1a ./COTS/MCAL/MTimers/MTimers_program.o
                0x000004d4                MTIMERS_vSetICU_Trigger
 .text.MTIMERS_vEnableInterrupt
                0x000004ee       0x6c ./COTS/MCAL/MTimers/MTimers_program.o
                0x000004ee                MTIMERS_vEnableInterrupt
 .text.MTIMERS_vDisableInterrupt
                0x0000055a       0x6c ./COTS/MCAL/MTimers/MTimers_program.o
                0x0000055a                MTIMERS_vDisableInterrupt
 .text.MTIMERS_vSetCallBack
                0x000005c6       0x88 ./COTS/MCAL/MTimers/MTimers_program.o
                0x000005c6                MTIMERS_vSetCallBack
 .text.__vector_11
                0x0000064e       0x7a ./COTS/MCAL/MTimers/MTimers_program.o
                0x0000064e                __vector_11
 .text.__vector_10
                0x000006c8       0x7a ./COTS/MCAL/MTimers/MTimers_program.o
                0x000006c8                __vector_10
 .text.__vector_6
                0x00000742       0x4e ./COTS/MCAL/MTimers/MTimers_program.o
                0x00000742                __vector_6
 .text.__vector_7
                0x00000790       0x4e ./COTS/MCAL/MTimers/MTimers_program.o
                0x00000790                __vector_7
 .text.__vector_8
                0x000007de       0x4e ./COTS/MCAL/MTimers/MTimers_program.o
                0x000007de                __vector_8
 .text.__vector_9
                0x0000082c       0x4e ./COTS/MCAL/MTimers/MTimers_program.o
                0x0000082c                __vector_9
 .text.__vector_4
                0x0000087a       0x4e ./COTS/MCAL/MTimers/MTimers_program.o
                0x0000087a                __vector_4
 .text.__vector_5
                0x000008c8       0x4e ./COTS/MCAL/MTimers/MTimers_program.o
                0x000008c8                __vector_5
 .text.MSPI_u8Transecieve
                0x00000916        0xe ./COTS/MCAL/MSPI/MSPI_program.o
                0x00000916                MSPI_u8Transecieve
 .text.MSPI_vMasterTransmit
                0x00000924        0x8 ./COTS/MCAL/MSPI/MSPI_program.o
                0x00000924                MSPI_vMasterTransmit
 .text.MSPI_u8MasterRecieve
                0x0000092c        0x8 ./COTS/MCAL/MSPI/MSPI_program.o
                0x0000092c                MSPI_u8MasterRecieve
 .text.MSPI_vSlaveTransmit
                0x00000934        0x8 ./COTS/MCAL/MSPI/MSPI_program.o
                0x00000934                MSPI_vSlaveTransmit
 .text.MSPI_u8SlaveRecieve
                0x0000093c        0x8 ./COTS/MCAL/MSPI/MSPI_program.o
                0x0000093c                MSPI_u8SlaveRecieve
 .text.MSPI_vENABLE
                0x00000944        0x4 ./COTS/MCAL/MSPI/MSPI_program.o
                0x00000944                MSPI_vENABLE
 .text.MSPI_vDISABLE
                0x00000948        0x4 ./COTS/MCAL/MSPI/MSPI_program.o
                0x00000948                MSPI_vDISABLE
 .text.MSPI_vSetCallBack
                0x0000094c        0xa ./COTS/MCAL/MSPI/MSPI_program.o
                0x0000094c                MSPI_vSetCallBack
 .text.__vector_12
                0x00000956       0x52 ./COTS/MCAL/MSPI/MSPI_program.o
                0x00000956                __vector_12
 .text.MSPI_vInit
                0x000009a8       0x32 ./COTS/MCAL/MSPI/MSPI_program.o
                0x000009a8                MSPI_vInit
 .text.MGIE_vEnableGlobalInterrupt
                0x000009da        0x8 ./COTS/MCAL/MGIE/MGIE_program.o
                0x000009da                MGIE_vEnableGlobalInterrupt
 .text.MGIE_vDisableGlobalInterrupt
                0x000009e2        0x8 ./COTS/MCAL/MGIE/MGIE_program.o
                0x000009e2                MGIE_vDisableGlobalInterrupt
 .text.MEXTI_vInit
                0x000009ea       0x14 ./COTS/MCAL/MEXTI/MEXTI_program.o
                0x000009ea                MEXTI_vInit
 .text.MEXTI_vEnableInterrupt
                0x000009fe       0x22 ./COTS/MCAL/MEXTI/MEXTI_program.o
                0x000009fe                MEXTI_vEnableInterrupt
 .text.MEXTI_vDisableInterrupt
                0x00000a20       0x22 ./COTS/MCAL/MEXTI/MEXTI_program.o
                0x00000a20                MEXTI_vDisableInterrupt
 .text.MEXTI_vSetSenseControl
                0x00000a42       0xa6 ./COTS/MCAL/MEXTI/MEXTI_program.o
                0x00000a42                MEXTI_vSetSenseControl
 .text.MEXTI_vSetCallBack
                0x00000ae8       0x2a ./COTS/MCAL/MEXTI/MEXTI_program.o
                0x00000ae8                MEXTI_vSetCallBack
 .text.MDIO_vSetPinDirection
                0x00000b12       0xe6 ./COTS/MCAL/MDIO/MDIO_prog.o
                0x00000b12                MDIO_vSetPinDirection
 .text.MDIO_vSetPortDirection
                0x00000bf8       0x22 ./COTS/MCAL/MDIO/MDIO_prog.o
                0x00000bf8                MDIO_vSetPortDirection
 .text.MDIO_vSetPinValue
                0x00000c1a       0xe6 ./COTS/MCAL/MDIO/MDIO_prog.o
                0x00000c1a                MDIO_vSetPinValue
 .text.MDIO_vSetPortValue
                0x00000d00       0x22 ./COTS/MCAL/MDIO/MDIO_prog.o
                0x00000d00                MDIO_vSetPortValue
 .text.MDIO_u8GetPinValue
                0x00000d22       0x40 ./COTS/MCAL/MDIO/MDIO_prog.o
                0x00000d22                MDIO_u8GetPinValue
 .text.MDIO_u8GetPortValue
                0x00000d62       0x24 ./COTS/MCAL/MDIO/MDIO_prog.o
                0x00000d62                MDIO_u8GetPortValue
 .text.MDIO_vTogglePinValue
                0x00000d86       0x6a ./COTS/MCAL/MDIO/MDIO_prog.o
                0x00000d86                MDIO_vTogglePinValue
 .text.MDIO_s32MappingValue
                0x00000df0       0x32 ./COTS/MCAL/MDIO/MDIO_prog.o
                0x00000df0                MDIO_s32MappingValue
 .text.MADC_vInit
                0x00000e22       0x1c ./COTS/MCAL/MADC/MADC_program.o
                0x00000e22                MADC_vInit
 .text.MADC_u16ConvertAnalog_to_Digital
                0x00000e3e       0x1a ./COTS/MCAL/MADC/MADC_program.o
                0x00000e3e                MADC_u16ConvertAnalog_to_Digital
 .text.MADC_vStartConversion
                0x00000e58        0xe ./COTS/MCAL/MADC/MADC_program.o
                0x00000e58                MADC_vStartConversion
 .text.MADC_GetADCData
                0x00000e66        0x8 ./COTS/MCAL/MADC/MADC_program.o
                0x00000e66                MADC_GetADCData
 .text.MADC_vSetCallBack
                0x00000e6e        0xa ./COTS/MCAL/MADC/MADC_program.o
                0x00000e6e                MADC_vSetCallBack
 .text.HSSD_vTurnOFF
                0x00000e78        0xa ./COTS/HAL/HSSD/HSSD_prog.o
                0x00000e78                HSSD_vTurnOFF
 .text.HSSD_vDispNum
                0x00000e82       0x28 ./COTS/HAL/HSSD/HSSD_prog.o
                0x00000e82                HSSD_vDispNum
 .text.HLM35_u16GetTemperature
                0x00000eaa       0x46 ./COTS/HAL/HLM35/HLM35_program.o
                0x00000eaa                HLM35_u16GetTemperature
 .text.HLCD_vSendData
                0x00000ef0       0x5c ./COTS/HAL/HLCD/HLCD_progr.o
                0x00000ef0                HLCD_vSendData
 .text.HLCD_vDispNumber
                0x00000f4c       0xb8 ./COTS/HAL/HLCD/HLCD_progr.o
                0x00000f4c                HLCD_vDispNumber
 .text.HLCD_vDispString
                0x00001004       0x26 ./COTS/HAL/HLCD/HLCD_progr.o
                0x00001004                HLCD_vDispString
 .text.HLCD_vSendCommand
                0x0000102a       0x5c ./COTS/HAL/HLCD/HLCD_progr.o
                0x0000102a                HLCD_vSendCommand
 .text.HLCD_vSetCursorBlinkingOFF
                0x00001086       0x2c ./COTS/HAL/HLCD/HLCD_progr.o
                0x00001086                HLCD_vSetCursorBlinkingOFF
 .text.HLCD_vDispCursorWithBlinking
                0x000010b2       0x2c ./COTS/HAL/HLCD/HLCD_progr.o
                0x000010b2                HLCD_vDispCursorWithBlinking
 .text.HLCD_vSetDispOFF
                0x000010de       0x2c ./COTS/HAL/HLCD/HLCD_progr.o
                0x000010de                HLCD_vSetDispOFF
 .text.HLCD_vSetShiftLeftOn
                0x0000110a       0x2c ./COTS/HAL/HLCD/HLCD_progr.o
                0x0000110a                HLCD_vSetShiftLeftOn
 .text.HLCD_vDispShiftLeftString
                0x00001136       0x5a ./COTS/HAL/HLCD/HLCD_progr.o
                0x00001136                HLCD_vDispShiftLeftString
 .text.HLCD_vGoTo
                0x00001190       0x26 ./COTS/HAL/HLCD/HLCD_progr.o
                0x00001190                HLCD_vGoTo
 .text.HLCD_vSaveCustomChar
                0x000011b6       0x3e ./COTS/HAL/HLCD/HLCD_progr.o
                0x000011b6                HLCD_vSaveCustomChar
 .text.HLCD_vClear
                0x000011f4       0x16 ./COTS/HAL/HLCD/HLCD_progr.o
                0x000011f4                HLCD_vClear
 .text.HLCD_vInit
                0x0000120a       0x8a ./COTS/HAL/HLCD/HLCD_progr.o
                0x0000120a                HLCD_vInit
 .text.HKEYPAD_u8Getpressed
                0x00001294       0x8e ./COTS/HAL/HKEYPAD/HKEYPAD_prog.o
                0x00001294                HKEYPAD_u8Getpressed
 .text.HKEYPAD_vInit
                0x00001322       0x12 ./COTS/HAL/HKEYPAD/HKEYPAD_prog.o
                0x00001322                HKEYPAD_vInit
 .text.HDCM_vRotate_CW
                0x00001334        0x2 ./COTS/HAL/HDCM/HDCM_program.o
                0x00001334                HDCM_vRotate_CW
 .text.HDCM_vRotate_CCW
                0x00001336        0x2 ./COTS/HAL/HDCM/HDCM_program.o
                0x00001336                HDCM_vRotate_CCW
 .text.HDCM_vStopMotor
                0x00001338       0x1e ./COTS/HAL/HDCM/HDCM_program.o
                0x00001338                HDCM_vStopMotor
 .text.HDCM_vRotateMotor
                0x00001356       0x5e ./COTS/HAL/HDCM/HDCM_program.o
                0x00001356                HDCM_vRotateMotor
 .text.main     0x000013b4       0x3a ./COTS/APP/main.o
                0x000013b4                main
 .text.libgcc   0x000013ee       0x26 d:/es/embedded system/sdk/imt_sdk_win_64/winavr/bin/../lib/gcc/avr/4.3.3/avr5\libgcc.a(_divmodhi4.o)
                0x000013ee                __divmodhi4
                0x000013ee                _div
 .text.libgcc   0x00001414        0x0 d:/es/embedded system/sdk/imt_sdk_win_64/winavr/bin/../lib/gcc/avr/4.3.3/avr5\libgcc.a(_exit.o)
 .text.libgcc   0x00001414        0x0 d:/es/embedded system/sdk/imt_sdk_win_64/winavr/bin/../lib/gcc/avr/4.3.3/avr5\libgcc.a(_copy_data.o)
 .text.libgcc   0x00001414        0x0 d:/es/embedded system/sdk/imt_sdk_win_64/winavr/bin/../lib/gcc/avr/4.3.3/avr5\libgcc.a(_clear_bss.o)
 .text.libgcc   0x00001414       0x28 d:/es/embedded system/sdk/imt_sdk_win_64/winavr/bin/../lib/gcc/avr/4.3.3/avr5\libgcc.a(_udivmodhi4.o)
                0x00001414                __udivmodhi4
 .text.avr-libc
                0x0000143c       0x12 d:/es/embedded system/sdk/imt_sdk_win_64/winavr/bin/../lib/gcc/avr/4.3.3/../../../../avr/lib/avr5\libc.a(strcmp.o)
                0x0000143c                strcmp
                0x0000144e                . = ALIGN (0x2)
 *(.fini9)
 .fini9         0x0000144e        0x0 d:/es/embedded system/sdk/imt_sdk_win_64/winavr/bin/../lib/gcc/avr/4.3.3/avr5\libgcc.a(_exit.o)
                0x0000144e                exit
                0x0000144e                _exit
 *(.fini9)
 *(.fini8)
 *(.fini8)
 *(.fini7)
 *(.fini7)
 *(.fini6)
 *(.fini6)
 *(.fini5)
 *(.fini5)
 *(.fini4)
 *(.fini4)
 *(.fini3)
 *(.fini3)
 *(.fini2)
 *(.fini2)
 *(.fini1)
 *(.fini1)
 *(.fini0)
 .fini0         0x0000144e        0x4 d:/es/embedded system/sdk/imt_sdk_win_64/winavr/bin/../lib/gcc/avr/4.3.3/avr5\libgcc.a(_exit.o)
 *(.fini0)
                0x00001452                _etext = .

.data           0x00800060       0x1a load address 0x00001452
                0x00800060                PROVIDE (__data_start, .)
 *(.data)
 .data          0x00800060        0x0 d:/es/embedded system/sdk/imt_sdk_win_64/winavr/bin/../lib/gcc/avr/4.3.3/../../../../avr/lib/avr5/crtm32.o
 .data          0x00800060        0x0 ./COTS/MCAL/MWatchDogTimer/MWatchDogTimer_program.o
 .data          0x00800060        0x0 ./COTS/MCAL/MUART/MUART_program.o
 .data          0x00800060        0x0 ./COTS/MCAL/MTimers/MTimers_program.o
 .data          0x00800060        0x0 ./COTS/MCAL/MSPI/MSPI_program.o
 .data          0x00800060        0x0 ./COTS/MCAL/MGIE/MGIE_program.o
 .data          0x00800060        0x0 ./COTS/MCAL/MEXTI/MEXTI_program.o
 .data          0x00800060        0x0 ./COTS/MCAL/MDIO/MDIO_prog.o
 .data          0x00800060        0x0 ./COTS/MCAL/MADC/MADC_program.o
 .data          0x00800060        0x0 ./COTS/HAL/HSSD/HSSD_prog.o
 .data          0x00800060        0x0 ./COTS/HAL/HLM35/HLM35_program.o
 .data          0x00800060        0x0 ./COTS/HAL/HLDR/HLDR_program.o
 .data          0x00800060        0x0 ./COTS/HAL/HLCD/HLCD_progr.o
 .data          0x00800060        0x0 ./COTS/HAL/HKEYPAD/HKEYPAD_prog.o
 .data          0x00800060        0x0 ./COTS/HAL/HDCM/HDCM_program.o
 .data          0x00800060        0x0 ./COTS/APP/main.o
 .data          0x00800060        0x0 d:/es/embedded system/sdk/imt_sdk_win_64/winavr/bin/../lib/gcc/avr/4.3.3/avr5\libgcc.a(_divmodhi4.o)
 .data          0x00800060        0x0 d:/es/embedded system/sdk/imt_sdk_win_64/winavr/bin/../lib/gcc/avr/4.3.3/avr5\libgcc.a(_exit.o)
 .data          0x00800060        0x0 d:/es/embedded system/sdk/imt_sdk_win_64/winavr/bin/../lib/gcc/avr/4.3.3/avr5\libgcc.a(_copy_data.o)
 .data          0x00800060        0x0 d:/es/embedded system/sdk/imt_sdk_win_64/winavr/bin/../lib/gcc/avr/4.3.3/avr5\libgcc.a(_clear_bss.o)
 .data          0x00800060        0x0 d:/es/embedded system/sdk/imt_sdk_win_64/winavr/bin/../lib/gcc/avr/4.3.3/avr5\libgcc.a(_udivmodhi4.o)
 .data          0x00800060        0x0 d:/es/embedded system/sdk/imt_sdk_win_64/winavr/bin/../lib/gcc/avr/4.3.3/../../../../avr/lib/avr5\libc.a(strcmp.o)
 *(.data*)
 .data.kmap     0x00800060       0x10 ./COTS/HAL/HKEYPAD/HKEYPAD_prog.o
                0x00800060                kmap
 *(.rodata)
 *(.rodata*)
 .rodata.SCG_u8SSD_Nums
                0x00800070        0xa ./COTS/HAL/HSSD/HSSD_prog.o
 *(.gnu.linkonce.d*)
                0x0080007a                . = ALIGN (0x2)
                0x0080007a                _edata = .
                0x0080007a                PROVIDE (__data_end, .)

.bss            0x0080007a       0x26
                0x0080007a                PROVIDE (__bss_start, .)
 *(.bss)
 .bss           0x0080007a        0x0 d:/es/embedded system/sdk/imt_sdk_win_64/winavr/bin/../lib/gcc/avr/4.3.3/../../../../avr/lib/avr5/crtm32.o
 .bss           0x0080007a        0x0 ./COTS/MCAL/MWatchDogTimer/MWatchDogTimer_program.o
 .bss           0x0080007a        0x0 ./COTS/MCAL/MUART/MUART_program.o
 .bss           0x0080007a        0x0 ./COTS/MCAL/MTimers/MTimers_program.o
 .bss           0x0080007a        0x0 ./COTS/MCAL/MSPI/MSPI_program.o
 .bss           0x0080007a        0x0 ./COTS/MCAL/MGIE/MGIE_program.o
 .bss           0x0080007a        0x0 ./COTS/MCAL/MEXTI/MEXTI_program.o
 .bss           0x0080007a        0x0 ./COTS/MCAL/MDIO/MDIO_prog.o
 .bss           0x0080007a        0x0 ./COTS/MCAL/MADC/MADC_program.o
 .bss           0x0080007a        0x0 ./COTS/HAL/HSSD/HSSD_prog.o
 .bss           0x0080007a        0x0 ./COTS/HAL/HLM35/HLM35_program.o
 .bss           0x0080007a        0x0 ./COTS/HAL/HLDR/HLDR_program.o
 .bss           0x0080007a        0x0 ./COTS/HAL/HLCD/HLCD_progr.o
 .bss           0x0080007a        0x0 ./COTS/HAL/HKEYPAD/HKEYPAD_prog.o
 .bss           0x0080007a        0x0 ./COTS/HAL/HDCM/HDCM_program.o
 .bss           0x0080007a        0x0 ./COTS/APP/main.o
 .bss           0x0080007a        0x0 d:/es/embedded system/sdk/imt_sdk_win_64/winavr/bin/../lib/gcc/avr/4.3.3/avr5\libgcc.a(_divmodhi4.o)
 .bss           0x0080007a        0x0 d:/es/embedded system/sdk/imt_sdk_win_64/winavr/bin/../lib/gcc/avr/4.3.3/avr5\libgcc.a(_exit.o)
 .bss           0x0080007a        0x0 d:/es/embedded system/sdk/imt_sdk_win_64/winavr/bin/../lib/gcc/avr/4.3.3/avr5\libgcc.a(_copy_data.o)
 .bss           0x0080007a        0x0 d:/es/embedded system/sdk/imt_sdk_win_64/winavr/bin/../lib/gcc/avr/4.3.3/avr5\libgcc.a(_clear_bss.o)
 .bss           0x0080007a        0x0 d:/es/embedded system/sdk/imt_sdk_win_64/winavr/bin/../lib/gcc/avr/4.3.3/avr5\libgcc.a(_udivmodhi4.o)
 .bss           0x0080007a        0x0 d:/es/embedded system/sdk/imt_sdk_win_64/winavr/bin/../lib/gcc/avr/4.3.3/../../../../avr/lib/avr5\libc.a(strcmp.o)
 *(.bss*)
 .bss.GS_Global_UART_CallBack
                0x0080007a        0x6 ./COTS/MCAL/MUART/MUART_program.o
 .bss.G_u32IntervalCounts
                0x00800080        0x2 ./COTS/MCAL/MTimers/MTimers_program.o
                0x00800080                G_u32IntervalCounts
 .bss.GS_TIMER2_vpPtrToFunction
                0x00800082        0x4 ./COTS/MCAL/MTimers/MTimers_program.o
 .bss.GS_TIMER1_vpPtrToFunction
                0x00800086        0x8 ./COTS/MCAL/MTimers/MTimers_program.o
 .bss.GS_TIMER0_vpPtrToFunction
                0x0080008e        0x4 ./COTS/MCAL/MTimers/MTimers_program.o
 .bss.LS_u32CTC_Counter.1593
                0x00800092        0x2 ./COTS/MCAL/MTimers/MTimers_program.o
 .bss.LS_u32OVF_Counter.1583
                0x00800094        0x2 ./COTS/MCAL/MTimers/MTimers_program.o
 .bss.GS_Global_SPI_CallBack
                0x00800096        0x2 ./COTS/MCAL/MSPI/MSPI_program.o
 .bss.MEXTI_vpPointerTo_INT0_function
                0x00800098        0x2 ./COTS/MCAL/MEXTI/MEXTI_program.o
                0x00800098                MEXTI_vpPointerTo_INT0_function
 .bss.MEXTI_vpPointerTo_INT1_function
                0x0080009a        0x2 ./COTS/MCAL/MEXTI/MEXTI_program.o
                0x0080009a                MEXTI_vpPointerTo_INT1_function
 .bss.MEXTI_vpPointerTo_INT2_function
                0x0080009c        0x2 ./COTS/MCAL/MEXTI/MEXTI_program.o
                0x0080009c                MEXTI_vpPointerTo_INT2_function
 .bss.MADC_vpPointerToFunction
                0x0080009e        0x2 ./COTS/MCAL/MADC/MADC_program.o
                0x0080009e                MADC_vpPointerToFunction
 *(COMMON)
                0x008000a0                PROVIDE (__bss_end, .)
                0x00001452                __data_load_start = LOADADDR (.data)
                0x0000146c                __data_load_end = (__data_load_start + SIZEOF (.data))

.noinit         0x008000a0        0x0
                0x008000a0                PROVIDE (__noinit_start, .)
 *(.noinit*)
                0x008000a0                PROVIDE (__noinit_end, .)
                0x008000a0                _end = .
                0x008000a0                PROVIDE (__heap_start, .)

.eeprom         0x00810000        0x0
 *(.eeprom*)
                0x00810000                __eeprom_end = .

.fuse
 *(.fuse)
 *(.lfuse)
 *(.hfuse)
 *(.efuse)

.lock
 *(.lock*)

.signature
 *(.signature*)

.stab
 *(.stab)

.stabstr
 *(.stabstr)

.stab.excl
 *(.stab.excl)

.stab.exclstr
 *(.stab.exclstr)

.stab.index
 *(.stab.index)

.stab.indexstr
 *(.stab.indexstr)

.comment
 *(.comment)

.debug
 *(.debug)

.line
 *(.line)

.debug_srcinfo
 *(.debug_srcinfo)

.debug_sfnames
 *(.debug_sfnames)

.debug_aranges
 *(.debug_aranges)

.debug_pubnames
 *(.debug_pubnames)

.debug_info
 *(.debug_info)
 *(.gnu.linkonce.wi.*)

.debug_abbrev
 *(.debug_abbrev)

.debug_line
 *(.debug_line)

.debug_frame
 *(.debug_frame)

.debug_str
 *(.debug_str)

.debug_loc
 *(.debug_loc)

.debug_macinfo
 *(.debug_macinfo)
OUTPUT(PE_Drivers.elf elf32-avr)
LOAD linker stubs
