Archive member included because of file (symbol)

d:/imt_avr/embedded system/sdk/imt_sdk_win_64/winavr/bin/../lib/gcc/avr/4.3.3/avr5\libgcc.a(_divmodhi4.o)
                              ./COTS/MCAL/MDIO/MDIO_prog.o (__divmodhi4)
d:/imt_avr/embedded system/sdk/imt_sdk_win_64/winavr/bin/../lib/gcc/avr/4.3.3/avr5\libgcc.a(_exit.o)
                              d:/imt_avr/embedded system/sdk/imt_sdk_win_64/winavr/bin/../lib/gcc/avr/4.3.3/../../../../avr/lib/avr5/crtm32.o (exit)
d:/imt_avr/embedded system/sdk/imt_sdk_win_64/winavr/bin/../lib/gcc/avr/4.3.3/avr5\libgcc.a(_copy_data.o)
                              ./COTS/HAL/HSSD/HSSD_prog.o (__do_copy_data)
d:/imt_avr/embedded system/sdk/imt_sdk_win_64/winavr/bin/../lib/gcc/avr/4.3.3/avr5\libgcc.a(_clear_bss.o)
                              ./COTS/MCAL/MUART/MUART_program.o (__do_clear_bss)
d:/imt_avr/embedded system/sdk/imt_sdk_win_64/winavr/bin/../lib/gcc/avr/4.3.3/avr5\libgcc.a(_fixunssfsi.o)
                              ./COTS/HAL/HLCD/HLCD_progr.o (__fixunssfsi)
d:/imt_avr/embedded system/sdk/imt_sdk_win_64/winavr/bin/../lib/gcc/avr/4.3.3/avr5\libgcc.a(_addsub_sf.o)
                              d:/imt_avr/embedded system/sdk/imt_sdk_win_64/winavr/bin/../lib/gcc/avr/4.3.3/avr5\libgcc.a(_fixunssfsi.o) (__subsf3)
d:/imt_avr/embedded system/sdk/imt_sdk_win_64/winavr/bin/../lib/gcc/avr/4.3.3/avr5\libgcc.a(_mul_sf.o)
                              ./COTS/HAL/HLCD/HLCD_progr.o (__mulsf3)
d:/imt_avr/embedded system/sdk/imt_sdk_win_64/winavr/bin/../lib/gcc/avr/4.3.3/avr5\libgcc.a(_div_sf.o)
                              ./COTS/HAL/HLCD/HLCD_progr.o (__divsf3)
d:/imt_avr/embedded system/sdk/imt_sdk_win_64/winavr/bin/../lib/gcc/avr/4.3.3/avr5\libgcc.a(_gt_sf.o)
                              ./COTS/HAL/HLCD/HLCD_progr.o (__gtsf2)
d:/imt_avr/embedded system/sdk/imt_sdk_win_64/winavr/bin/../lib/gcc/avr/4.3.3/avr5\libgcc.a(_ge_sf.o)
                              d:/imt_avr/embedded system/sdk/imt_sdk_win_64/winavr/bin/../lib/gcc/avr/4.3.3/avr5\libgcc.a(_fixunssfsi.o) (__gesf2)
d:/imt_avr/embedded system/sdk/imt_sdk_win_64/winavr/bin/../lib/gcc/avr/4.3.3/avr5\libgcc.a(_lt_sf.o)
                              ./COTS/HAL/HLCD/HLCD_progr.o (__ltsf2)
d:/imt_avr/embedded system/sdk/imt_sdk_win_64/winavr/bin/../lib/gcc/avr/4.3.3/avr5\libgcc.a(_sf_to_si.o)
                              d:/imt_avr/embedded system/sdk/imt_sdk_win_64/winavr/bin/../lib/gcc/avr/4.3.3/avr5\libgcc.a(_fixunssfsi.o) (__fixsfsi)
d:/imt_avr/embedded system/sdk/imt_sdk_win_64/winavr/bin/../lib/gcc/avr/4.3.3/avr5\libgcc.a(_thenan_sf.o)
                              d:/imt_avr/embedded system/sdk/imt_sdk_win_64/winavr/bin/../lib/gcc/avr/4.3.3/avr5\libgcc.a(_addsub_sf.o) (__thenan_sf)
d:/imt_avr/embedded system/sdk/imt_sdk_win_64/winavr/bin/../lib/gcc/avr/4.3.3/avr5\libgcc.a(_udivmodhi4.o)
                              d:/imt_avr/embedded system/sdk/imt_sdk_win_64/winavr/bin/../lib/gcc/avr/4.3.3/avr5\libgcc.a(_divmodhi4.o) (__udivmodhi4)
d:/imt_avr/embedded system/sdk/imt_sdk_win_64/winavr/bin/../lib/gcc/avr/4.3.3/avr5\libgcc.a(_prologue.o)
                              d:/imt_avr/embedded system/sdk/imt_sdk_win_64/winavr/bin/../lib/gcc/avr/4.3.3/avr5\libgcc.a(_addsub_sf.o) (__prologue_saves__)
d:/imt_avr/embedded system/sdk/imt_sdk_win_64/winavr/bin/../lib/gcc/avr/4.3.3/avr5\libgcc.a(_epilogue.o)
                              d:/imt_avr/embedded system/sdk/imt_sdk_win_64/winavr/bin/../lib/gcc/avr/4.3.3/avr5\libgcc.a(_addsub_sf.o) (__epilogue_restores__)
d:/imt_avr/embedded system/sdk/imt_sdk_win_64/winavr/bin/../lib/gcc/avr/4.3.3/avr5\libgcc.a(_pack_sf.o)
                              d:/imt_avr/embedded system/sdk/imt_sdk_win_64/winavr/bin/../lib/gcc/avr/4.3.3/avr5\libgcc.a(_addsub_sf.o) (__pack_f)
d:/imt_avr/embedded system/sdk/imt_sdk_win_64/winavr/bin/../lib/gcc/avr/4.3.3/avr5\libgcc.a(_unpack_sf.o)
                              d:/imt_avr/embedded system/sdk/imt_sdk_win_64/winavr/bin/../lib/gcc/avr/4.3.3/avr5\libgcc.a(_addsub_sf.o) (__unpack_f)
d:/imt_avr/embedded system/sdk/imt_sdk_win_64/winavr/bin/../lib/gcc/avr/4.3.3/avr5\libgcc.a(_fpcmp_parts_sf.o)
                              d:/imt_avr/embedded system/sdk/imt_sdk_win_64/winavr/bin/../lib/gcc/avr/4.3.3/avr5\libgcc.a(_gt_sf.o) (__fpcmp_parts_f)
d:/imt_avr/embedded system/sdk/imt_sdk_win_64/winavr/bin/../lib/gcc/avr/4.3.3/../../../../avr/lib/avr5\libc.a(strcmp.o)
                              ./COTS/MCAL/MUART/MUART_program.o (strcmp)

Memory Configuration

Name             Origin             Length             Attributes
text             0x00000000         0x00020000         xr
data             0x00800060         0x0000ffa0         rw !x
eeprom           0x00810000         0x00010000         rw !x
fuse             0x00820000         0x00000400         rw !x
lock             0x00830000         0x00000400         rw !x
signature        0x00840000         0x00000400         rw !x
*default*        0x00000000         0xffffffff

Linker script and memory map

LOAD d:/imt_avr/embedded system/sdk/imt_sdk_win_64/winavr/bin/../lib/gcc/avr/4.3.3/../../../../avr/lib/avr5/crtm32.o
LOAD ./COTS/MCAL/MWatchDogTimer/MWatchDogTimer_program.o
LOAD ./COTS/MCAL/MUART/MUART_program.o
LOAD ./COTS/MCAL/MTimers/MTimers_program.o
LOAD ./COTS/MCAL/MSPI/MSPI_program.o
LOAD ./COTS/MCAL/MI2C/MI2C_program.o
LOAD ./COTS/MCAL/MGIE/MGIE_program.o
LOAD ./COTS/MCAL/MEXTI/MEXTI_program.o
LOAD ./COTS/MCAL/MDIO/MDIO_prog.o
LOAD ./COTS/MCAL/MADC/MADC_program.o
LOAD ./COTS/HAL/HSSD/HSSD_prog.o
LOAD ./COTS/HAL/HLM35/HLM35_program.o
LOAD ./COTS/HAL/HLDR/HLDR_program.o
LOAD ./COTS/HAL/HLCD/HLCD_progr.o
LOAD ./COTS/HAL/HKEYPAD/HKEYPAD_prog.o
LOAD ./COTS/HAL/HEEPROM/HEEPROM_program.o
LOAD ./COTS/HAL/HDCM/HDCM_program.o
LOAD ./COTS/APP/main.o
LOAD d:/imt_avr/embedded system/sdk/imt_sdk_win_64/winavr/bin/../lib/gcc/avr/4.3.3/avr5\libgcc.a
LOAD d:/imt_avr/embedded system/sdk/imt_sdk_win_64/winavr/bin/../lib/gcc/avr/4.3.3/../../../../avr/lib/avr5\libc.a
LOAD d:/imt_avr/embedded system/sdk/imt_sdk_win_64/winavr/bin/../lib/gcc/avr/4.3.3/avr5\libgcc.a

.hash
 *(.hash)

.dynsym
 *(.dynsym)

.dynstr
 *(.dynstr)

.gnu.version
 *(.gnu.version)

.gnu.version_d
 *(.gnu.version_d)

.gnu.version_r
 *(.gnu.version_r)

.rel.init
 *(.rel.init)

.rela.init
 *(.rela.init)

.rel.text
 *(.rel.text)
 *(.rel.text.*)
 *(.rel.gnu.linkonce.t*)

.rela.text
 *(.rela.text)
 *(.rela.text.*)
 *(.rela.gnu.linkonce.t*)

.rel.fini
 *(.rel.fini)

.rela.fini
 *(.rela.fini)

.rel.rodata
 *(.rel.rodata)
 *(.rel.rodata.*)
 *(.rel.gnu.linkonce.r*)

.rela.rodata
 *(.rela.rodata)
 *(.rela.rodata.*)
 *(.rela.gnu.linkonce.r*)

.rel.data
 *(.rel.data)
 *(.rel.data.*)
 *(.rel.gnu.linkonce.d*)

.rela.data
 *(.rela.data)
 *(.rela.data.*)
 *(.rela.gnu.linkonce.d*)

.rel.ctors
 *(.rel.ctors)

.rela.ctors
 *(.rela.ctors)

.rel.dtors
 *(.rel.dtors)

.rela.dtors
 *(.rela.dtors)

.rel.got
 *(.rel.got)

.rela.got
 *(.rela.got)

.rel.bss
 *(.rel.bss)

.rela.bss
 *(.rela.bss)

.rel.plt
 *(.rel.plt)

.rela.plt
 *(.rela.plt)

.text           0x00000000     0x5306
 *(.vectors)
 .vectors       0x00000000       0x54 d:/imt_avr/embedded system/sdk/imt_sdk_win_64/winavr/bin/../lib/gcc/avr/4.3.3/../../../../avr/lib/avr5/crtm32.o
                0x00000000                __vectors
                0x00000000                __vector_default
 *(.vectors)
 *(.progmem.gcc*)
 *(.progmem*)
                0x00000054                . = ALIGN (0x2)
                0x00000054                __trampolines_start = .
 *(.trampolines)
 .trampolines   0x00000054        0x0 linker stubs
 *(.trampolines*)
                0x00000054                __trampolines_end = .
 *(.jumptables)
 *(.jumptables*)
 *(.lowtext)
 *(.lowtext*)
                0x00000054                __ctors_start = .
 *(.ctors)
                0x00000054                __ctors_end = .
                0x00000054                __dtors_start = .
 *(.dtors)
                0x00000054                __dtors_end = .
 SORT(*)(.ctors)
 SORT(*)(.dtors)
 *(.init0)
 .init0         0x00000054        0x0 d:/imt_avr/embedded system/sdk/imt_sdk_win_64/winavr/bin/../lib/gcc/avr/4.3.3/../../../../avr/lib/avr5/crtm32.o
                0x00000054                __init
 *(.init0)
 *(.init1)
 *(.init1)
 *(.init2)
 .init2         0x00000054        0xc d:/imt_avr/embedded system/sdk/imt_sdk_win_64/winavr/bin/../lib/gcc/avr/4.3.3/../../../../avr/lib/avr5/crtm32.o
 *(.init2)
 *(.init3)
 *(.init3)
 *(.init4)
 .init4         0x00000060       0x16 d:/imt_avr/embedded system/sdk/imt_sdk_win_64/winavr/bin/../lib/gcc/avr/4.3.3/avr5\libgcc.a(_copy_data.o)
                0x00000060                __do_copy_data
 .init4         0x00000076       0x10 d:/imt_avr/embedded system/sdk/imt_sdk_win_64/winavr/bin/../lib/gcc/avr/4.3.3/avr5\libgcc.a(_clear_bss.o)
                0x00000076                __do_clear_bss
 *(.init4)
 *(.init5)
 *(.init5)
 *(.init6)
 *(.init6)
 *(.init7)
 *(.init7)
 *(.init8)
 *(.init8)
 *(.init9)
 .init9         0x00000086        0x8 d:/imt_avr/embedded system/sdk/imt_sdk_win_64/winavr/bin/../lib/gcc/avr/4.3.3/../../../../avr/lib/avr5/crtm32.o
 *(.init9)
 *(.text)
 .text          0x0000008e        0x4 d:/imt_avr/embedded system/sdk/imt_sdk_win_64/winavr/bin/../lib/gcc/avr/4.3.3/../../../../avr/lib/avr5/crtm32.o
                0x0000008e                __vector_1
                0x0000008e                __bad_interrupt
                0x0000008e                __vector_3
                0x0000008e                __vector_17
                0x0000008e                __vector_19
                0x0000008e                __vector_2
                0x0000008e                __vector_16
                0x0000008e                __vector_18
                0x0000008e                __vector_20
 .text          0x00000092        0x0 ./COTS/MCAL/MWatchDogTimer/MWatchDogTimer_program.o
 .text          0x00000092        0x0 ./COTS/MCAL/MUART/MUART_program.o
 .text          0x00000092        0x0 ./COTS/MCAL/MTimers/MTimers_program.o
 .text          0x00000092        0x0 ./COTS/MCAL/MSPI/MSPI_program.o
 .text          0x00000092        0x0 ./COTS/MCAL/MI2C/MI2C_program.o
 .text          0x00000092        0x0 ./COTS/MCAL/MGIE/MGIE_program.o
 .text          0x00000092        0x0 ./COTS/MCAL/MEXTI/MEXTI_program.o
 .text          0x00000092        0x0 ./COTS/MCAL/MDIO/MDIO_prog.o
 .text          0x00000092        0x0 ./COTS/MCAL/MADC/MADC_program.o
 .text          0x00000092        0x0 ./COTS/HAL/HSSD/HSSD_prog.o
 .text          0x00000092        0x0 ./COTS/HAL/HLM35/HLM35_program.o
 .text          0x00000092        0x0 ./COTS/HAL/HLDR/HLDR_program.o
 .text          0x00000092        0x0 ./COTS/HAL/HLCD/HLCD_progr.o
 .text          0x00000092        0x0 ./COTS/HAL/HKEYPAD/HKEYPAD_prog.o
 .text          0x00000092        0x0 ./COTS/HAL/HEEPROM/HEEPROM_program.o
 .text          0x00000092        0x0 ./COTS/HAL/HDCM/HDCM_program.o
 .text          0x00000092        0x0 ./COTS/APP/main.o
 .text          0x00000092        0x0 d:/imt_avr/embedded system/sdk/imt_sdk_win_64/winavr/bin/../lib/gcc/avr/4.3.3/avr5\libgcc.a(_divmodhi4.o)
 .text          0x00000092        0x0 d:/imt_avr/embedded system/sdk/imt_sdk_win_64/winavr/bin/../lib/gcc/avr/4.3.3/avr5\libgcc.a(_exit.o)
 .text          0x00000092        0x0 d:/imt_avr/embedded system/sdk/imt_sdk_win_64/winavr/bin/../lib/gcc/avr/4.3.3/avr5\libgcc.a(_copy_data.o)
 .text          0x00000092        0x0 d:/imt_avr/embedded system/sdk/imt_sdk_win_64/winavr/bin/../lib/gcc/avr/4.3.3/avr5\libgcc.a(_clear_bss.o)
 .text          0x00000092       0x58 d:/imt_avr/embedded system/sdk/imt_sdk_win_64/winavr/bin/../lib/gcc/avr/4.3.3/avr5\libgcc.a(_fixunssfsi.o)
                0x00000092                __fixunssfsi
 .text          0x000000ea      0x354 d:/imt_avr/embedded system/sdk/imt_sdk_win_64/winavr/bin/../lib/gcc/avr/4.3.3/avr5\libgcc.a(_addsub_sf.o)
                0x00000382                __subsf3
                0x000003e4                __addsf3
 .text          0x0000043e      0x1f4 d:/imt_avr/embedded system/sdk/imt_sdk_win_64/winavr/bin/../lib/gcc/avr/4.3.3/avr5\libgcc.a(_mul_sf.o)
                0x0000043e                __mulsf3
 .text          0x00000632      0x158 d:/imt_avr/embedded system/sdk/imt_sdk_win_64/winavr/bin/../lib/gcc/avr/4.3.3/avr5\libgcc.a(_div_sf.o)
                0x00000632                __divsf3
 .text          0x0000078a       0x60 d:/imt_avr/embedded system/sdk/imt_sdk_win_64/winavr/bin/../lib/gcc/avr/4.3.3/avr5\libgcc.a(_gt_sf.o)
                0x0000078a                __gtsf2
 .text          0x000007ea       0x60 d:/imt_avr/embedded system/sdk/imt_sdk_win_64/winavr/bin/../lib/gcc/avr/4.3.3/avr5\libgcc.a(_ge_sf.o)
                0x000007ea                __gesf2
 .text          0x0000084a       0x60 d:/imt_avr/embedded system/sdk/imt_sdk_win_64/winavr/bin/../lib/gcc/avr/4.3.3/avr5\libgcc.a(_lt_sf.o)
                0x0000084a                __ltsf2
 .text          0x000008aa       0xa8 d:/imt_avr/embedded system/sdk/imt_sdk_win_64/winavr/bin/../lib/gcc/avr/4.3.3/avr5\libgcc.a(_sf_to_si.o)
                0x000008aa                __fixsfsi
 .text          0x00000952        0x0 d:/imt_avr/embedded system/sdk/imt_sdk_win_64/winavr/bin/../lib/gcc/avr/4.3.3/avr5\libgcc.a(_thenan_sf.o)
 .text          0x00000952        0x0 d:/imt_avr/embedded system/sdk/imt_sdk_win_64/winavr/bin/../lib/gcc/avr/4.3.3/avr5\libgcc.a(_udivmodhi4.o)
 .text          0x00000952        0x0 d:/imt_avr/embedded system/sdk/imt_sdk_win_64/winavr/bin/../lib/gcc/avr/4.3.3/avr5\libgcc.a(_prologue.o)
 .text          0x00000952        0x0 d:/imt_avr/embedded system/sdk/imt_sdk_win_64/winavr/bin/../lib/gcc/avr/4.3.3/avr5\libgcc.a(_epilogue.o)
 .text          0x00000952      0x1aa d:/imt_avr/embedded system/sdk/imt_sdk_win_64/winavr/bin/../lib/gcc/avr/4.3.3/avr5\libgcc.a(_pack_sf.o)
                0x00000952                __pack_f
 .text          0x00000afc       0xf0 d:/imt_avr/embedded system/sdk/imt_sdk_win_64/winavr/bin/../lib/gcc/avr/4.3.3/avr5\libgcc.a(_unpack_sf.o)
                0x00000afc                __unpack_f
 .text          0x00000bec       0xb2 d:/imt_avr/embedded system/sdk/imt_sdk_win_64/winavr/bin/../lib/gcc/avr/4.3.3/avr5\libgcc.a(_fpcmp_parts_sf.o)
                0x00000bec                __fpcmp_parts_f
 .text          0x00000c9e        0x0 d:/imt_avr/embedded system/sdk/imt_sdk_win_64/winavr/bin/../lib/gcc/avr/4.3.3/../../../../avr/lib/avr5\libc.a(strcmp.o)
                0x00000c9e                . = ALIGN (0x2)
 *(.text.*)
 .text.MWDT_vTurnOn
                0x00000c9e       0x36 ./COTS/MCAL/MWatchDogTimer/MWatchDogTimer_program.o
                0x00000c9e                MWDT_vTurnOn
 .text.MWDT_vTurnOff
                0x00000cd4       0x1c ./COTS/MCAL/MWatchDogTimer/MWatchDogTimer_program.o
                0x00000cd4                MWDT_vTurnOff
 .text.MUART_vInit
                0x00000cf0       0xc6 ./COTS/MCAL/MUART/MUART_program.o
                0x00000cf0                MUART_vInit
 .text.UART_vSetBAUDRate
                0x00000db6       0x1c ./COTS/MCAL/MUART/MUART_program.o
                0x00000db6                UART_vSetBAUDRate
 .text.MUART_vTransmit
                0x00000dd2       0x2e ./COTS/MCAL/MUART/MUART_program.o
                0x00000dd2                MUART_vTransmit
 .text.MUART_u8Receive
                0x00000e00       0x1e ./COTS/MCAL/MUART/MUART_program.o
                0x00000e00                MUART_u8Receive
 .text.MUART_vENABLE
                0x00000e1e       0x2a ./COTS/MCAL/MUART/MUART_program.o
                0x00000e1e                MUART_vENABLE
 .text.MUART_vDISABLE
                0x00000e48       0x2a ./COTS/MCAL/MUART/MUART_program.o
                0x00000e48                MUART_vDISABLE
 .text.MUART_s8GetUDR
                0x00000e72       0x14 ./COTS/MCAL/MUART/MUART_program.o
                0x00000e72                MUART_s8GetUDR
 .text.MUART_vRecieveString
                0x00000e86       0xae ./COTS/MCAL/MUART/MUART_program.o
                0x00000e86                MUART_vRecieveString
 .text.MUART_vTransmitString
                0x00000f34       0x3a ./COTS/MCAL/MUART/MUART_program.o
                0x00000f34                MUART_vTransmitString
 .text.MUART_u8CompareString
                0x00000f6e       0x44 ./COTS/MCAL/MUART/MUART_program.o
                0x00000f6e                MUART_u8CompareString
 .text.MUART_vFlush
                0x00000fb2       0x26 ./COTS/MCAL/MUART/MUART_program.o
                0x00000fb2                MUART_vFlush
 .text.MUART_vSetCallBack
                0x00000fd8       0x74 ./COTS/MCAL/MUART/MUART_program.o
                0x00000fd8                MUART_vSetCallBack
 .text.__vector_13
                0x0000104c       0x66 ./COTS/MCAL/MUART/MUART_program.o
                0x0000104c                __vector_13
 .text.__vector_14
                0x000010b2       0x66 ./COTS/MCAL/MUART/MUART_program.o
                0x000010b2                __vector_14
 .text.__vector_15
                0x00001118       0x66 ./COTS/MCAL/MUART/MUART_program.o
                0x00001118                __vector_15
 .text.MTIMER0_vInit
                0x0000117e       0x7e ./COTS/MCAL/MTimers/MTimers_program.o
                0x0000117e                MTIMER0_vInit
 .text.MTIMER1_vInit
                0x000011fc       0xe0 ./COTS/MCAL/MTimers/MTimers_program.o
                0x000011fc                MTIMER1_vInit
 .text.MTIMER2_vInit
                0x000012dc       0x62 ./COTS/MCAL/MTimers/MTimers_program.o
                0x000012dc                MTIMER2_vInit
 .text.MTIMERS_vSetPreloadValue
                0x0000133e       0x6c ./COTS/MCAL/MTimers/MTimers_program.o
                0x0000133e                MTIMERS_vSetPreloadValue
 .text.MTIMERS_vSetCompareValue
                0x000013aa       0x6c ./COTS/MCAL/MTimers/MTimers_program.o
                0x000013aa                MTIMERS_vSetCompareValue
 .text.MTIMER1_vSetTopValue
                0x00001416       0x24 ./COTS/MCAL/MTimers/MTimers_program.o
                0x00001416                MTIMER1_vSetTopValue
 .text.MTIMERS_vSetInterval_OVF_Asynch
                0x0000143a       0xb6 ./COTS/MCAL/MTimers/MTimers_program.o
                0x0000143a                MTIMERS_vSetInterval_OVF_Asynch
 .text.MTIMERS_vSetInterval_CTC_Asynch
                0x000014f0       0xe0 ./COTS/MCAL/MTimers/MTimers_program.o
                0x000014f0                MTIMERS_vSetInterval_CTC_Asynch
 .text.MTIMERS_vStartTimer
                0x000015d0       0xc6 ./COTS/MCAL/MTimers/MTimers_program.o
                0x000015d0                MTIMERS_vStartTimer
 .text.MTIMERS_vStopTimer
                0x00001696       0xc6 ./COTS/MCAL/MTimers/MTimers_program.o
                0x00001696                MTIMERS_vStopTimer
 .text.MTIMERS_u16GetCapturedValue
                0x0000175c       0x16 ./COTS/MCAL/MTimers/MTimers_program.o
                0x0000175c                MTIMERS_u16GetCapturedValue
 .text.MTIMERS_u16GetElapsedTime
                0x00001772       0x7c ./COTS/MCAL/MTimers/MTimers_program.o
                0x00001772                MTIMERS_u16GetElapsedTime
 .text.MTIMERS_vSetICU_Trigger
                0x000017ee       0x56 ./COTS/MCAL/MTimers/MTimers_program.o
                0x000017ee                MTIMERS_vSetICU_Trigger
 .text.MTIMERS_vEnableInterrupt
                0x00001844      0x154 ./COTS/MCAL/MTimers/MTimers_program.o
                0x00001844                MTIMERS_vEnableInterrupt
 .text.MTIMERS_vDisableInterrupt
                0x00001998      0x154 ./COTS/MCAL/MTimers/MTimers_program.o
                0x00001998                MTIMERS_vDisableInterrupt
 .text.MTIMERS_vSetCallBack
                0x00001aec      0x148 ./COTS/MCAL/MTimers/MTimers_program.o
                0x00001aec                MTIMERS_vSetCallBack
 .text.__vector_11
                0x00001c34       0x96 ./COTS/MCAL/MTimers/MTimers_program.o
                0x00001c34                __vector_11
 .text.__vector_10
                0x00001cca       0x96 ./COTS/MCAL/MTimers/MTimers_program.o
                0x00001cca                __vector_10
 .text.__vector_6
                0x00001d60       0x5a ./COTS/MCAL/MTimers/MTimers_program.o
                0x00001d60                __vector_6
 .text.__vector_7
                0x00001dba       0x5a ./COTS/MCAL/MTimers/MTimers_program.o
                0x00001dba                __vector_7
 .text.__vector_8
                0x00001e14       0x5a ./COTS/MCAL/MTimers/MTimers_program.o
                0x00001e14                __vector_8
 .text.__vector_9
                0x00001e6e       0x5a ./COTS/MCAL/MTimers/MTimers_program.o
                0x00001e6e                __vector_9
 .text.__vector_4
                0x00001ec8       0x5a ./COTS/MCAL/MTimers/MTimers_program.o
                0x00001ec8                __vector_4
 .text.__vector_5
                0x00001f22       0x5a ./COTS/MCAL/MTimers/MTimers_program.o
                0x00001f22                __vector_5
 .text.MSPI_vInit
                0x00001f7c       0x90 ./COTS/MCAL/MSPI/MSPI_program.o
                0x00001f7c                MSPI_vInit
 .text.MSPI_u8Transecieve
                0x0000200c       0x36 ./COTS/MCAL/MSPI/MSPI_program.o
                0x0000200c                MSPI_u8Transecieve
 .text.MSPI_vMasterTransmit
                0x00002042       0x26 ./COTS/MCAL/MSPI/MSPI_program.o
                0x00002042                MSPI_vMasterTransmit
 .text.MSPI_u8MasterRecieve
                0x00002068       0x1e ./COTS/MCAL/MSPI/MSPI_program.o
                0x00002068                MSPI_u8MasterRecieve
 .text.MSPI_vSlaveTransmit
                0x00002086       0x26 ./COTS/MCAL/MSPI/MSPI_program.o
                0x00002086                MSPI_vSlaveTransmit
 .text.MSPI_u8SlaveRecieve
                0x000020ac       0x1e ./COTS/MCAL/MSPI/MSPI_program.o
                0x000020ac                MSPI_u8SlaveRecieve
 .text.MSPI_vENABLE
                0x000020ca       0x1c ./COTS/MCAL/MSPI/MSPI_program.o
                0x000020ca                MSPI_vENABLE
 .text.MSPI_vDISABLE
                0x000020e6       0x1c ./COTS/MCAL/MSPI/MSPI_program.o
                0x000020e6                MSPI_vDISABLE
 .text.MSPI_vSetCallBack
                0x00002102       0x24 ./COTS/MCAL/MSPI/MSPI_program.o
                0x00002102                MSPI_vSetCallBack
 .text.__vector_12
                0x00002126       0x66 ./COTS/MCAL/MSPI/MSPI_program.o
                0x00002126                __vector_12
 .text.MI2C_vInit
                0x0000218c       0x40 ./COTS/MCAL/MI2C/MI2C_program.o
                0x0000218c                MI2C_vInit
 .text.MI2C_u8SendStartCondition
                0x000021cc       0x32 ./COTS/MCAL/MI2C/MI2C_program.o
                0x000021cc                MI2C_u8SendStartCondition
 .text.MI2C_u8SendRepeatedStartCondition
                0x000021fe       0x32 ./COTS/MCAL/MI2C/MI2C_program.o
                0x000021fe                MI2C_u8SendRepeatedStartCondition
 .text.MI2C_u8SendSlaveAddressRW
                0x00002230       0x60 ./COTS/MCAL/MI2C/MI2C_program.o
                0x00002230                MI2C_u8SendSlaveAddressRW
 .text.MI2C_u8SendByte
                0x00002290       0x3e ./COTS/MCAL/MI2C/MI2C_program.o
                0x00002290                MI2C_u8SendByte
 .text.MI2C_u8RecieveByte
                0x000022ce       0x86 ./COTS/MCAL/MI2C/MI2C_program.o
                0x000022ce                MI2C_u8RecieveByte
 .text.MI2C_u8SendStopCondition
                0x00002354       0x28 ./COTS/MCAL/MI2C/MI2C_program.o
                0x00002354                MI2C_u8SendStopCondition
 .text.MI2C_u8GetStatus
                0x0000237c       0x20 ./COTS/MCAL/MI2C/MI2C_program.o
                0x0000237c                MI2C_u8GetStatus
 .text.MGIE_vEnableGlobalInterrupt
                0x0000239c       0x1c ./COTS/MCAL/MGIE/MGIE_program.o
                0x0000239c                MGIE_vEnableGlobalInterrupt
 .text.MGIE_vDisableGlobalInterrupt
                0x000023b8       0x1c ./COTS/MCAL/MGIE/MGIE_program.o
                0x000023b8                MGIE_vDisableGlobalInterrupt
 .text.MEXTI_vInit
                0x000023d4       0x38 ./COTS/MCAL/MEXTI/MEXTI_program.o
                0x000023d4                MEXTI_vInit
 .text.MEXTI_vEnableInterrupt
                0x0000240c       0x70 ./COTS/MCAL/MEXTI/MEXTI_program.o
                0x0000240c                MEXTI_vEnableInterrupt
 .text.MEXTI_vDisableInterrupt
                0x0000247c       0x70 ./COTS/MCAL/MEXTI/MEXTI_program.o
                0x0000247c                MEXTI_vDisableInterrupt
 .text.MEXTI_vSetSenseControl
                0x000024ec      0x206 ./COTS/MCAL/MEXTI/MEXTI_program.o
                0x000024ec                MEXTI_vSetSenseControl
 .text.MEXTI_vSetCallBack
                0x000026f2       0x74 ./COTS/MCAL/MEXTI/MEXTI_program.o
                0x000026f2                MEXTI_vSetCallBack
 .text.MDIO_vSetPinDirection
                0x00002766      0x200 ./COTS/MCAL/MDIO/MDIO_prog.o
                0x00002766                MDIO_vSetPinDirection
 .text.MDIO_vSetPortDirection
                0x00002966       0x82 ./COTS/MCAL/MDIO/MDIO_prog.o
                0x00002966                MDIO_vSetPortDirection
 .text.MDIO_vSetPinValue
                0x000029e8      0x200 ./COTS/MCAL/MDIO/MDIO_prog.o
                0x000029e8                MDIO_vSetPinValue
 .text.MDIO_vSetPortValue
                0x00002be8       0x82 ./COTS/MCAL/MDIO/MDIO_prog.o
                0x00002be8                MDIO_vSetPortValue
 .text.MDIO_u8GetPinValue
                0x00002c6a       0xf4 ./COTS/MCAL/MDIO/MDIO_prog.o
                0x00002c6a                MDIO_u8GetPinValue
 .text.MDIO_u8GetPortValue
                0x00002d5e       0x84 ./COTS/MCAL/MDIO/MDIO_prog.o
                0x00002d5e                MDIO_u8GetPortValue
 .text.MDIO_vTogglePinValue
                0x00002de2       0xfa ./COTS/MCAL/MDIO/MDIO_prog.o
                0x00002de2                MDIO_vTogglePinValue
 .text.MDIO_s32MappingValue
                0x00002edc       0x9c ./COTS/MCAL/MDIO/MDIO_prog.o
                0x00002edc                MDIO_s32MappingValue
 .text.MADC_vInit
                0x00002f78       0x80 ./COTS/MCAL/MADC/MADC_program.o
                0x00002f78                MADC_vInit
 .text.MADC_u16ConvertAnalog_to_Digital
                0x00002ff8       0x64 ./COTS/MCAL/MADC/MADC_program.o
                0x00002ff8                MADC_u16ConvertAnalog_to_Digital
 .text.MADC_vStartConversion
                0x0000305c       0x38 ./COTS/MCAL/MADC/MADC_program.o
                0x0000305c                MADC_vStartConversion
 .text.MADC_GetADCData
                0x00003094       0x16 ./COTS/MCAL/MADC/MADC_program.o
                0x00003094                MADC_GetADCData
 .text.MADC_vSetCallBack
                0x000030aa       0x24 ./COTS/MCAL/MADC/MADC_program.o
                0x000030aa                MADC_vSetCallBack
 .text.HSSD_vDispNum
                0x000030ce       0x3c ./COTS/HAL/HSSD/HSSD_prog.o
                0x000030ce                HSSD_vDispNum
 .text.HSSD_vTurnOFF
                0x0000310a       0x1c ./COTS/HAL/HSSD/HSSD_prog.o
                0x0000310a                HSSD_vTurnOFF
 .text.HLM35_u16GetTemperature
                0x00003126       0x80 ./COTS/HAL/HLM35/HLM35_program.o
                0x00003126                HLM35_u16GetTemperature
 .text.HLCD_vInit
                0x000031a6      0x670 ./COTS/HAL/HLCD/HLCD_progr.o
                0x000031a6                HLCD_vInit
 .text.HLCD_vSendCommand
                0x00003816      0x3e8 ./COTS/HAL/HLCD/HLCD_progr.o
                0x00003816                HLCD_vSendCommand
 .text.HLCD_vSendData
                0x00003bfe      0x3e8 ./COTS/HAL/HLCD/HLCD_progr.o
                0x00003bfe                HLCD_vSendData
 .text.HLCD_vClear
                0x00003fe6      0x28c ./COTS/HAL/HLCD/HLCD_progr.o
                0x00003fe6                HLCD_vClear
 .text.HLCD_vDispString
                0x00004272       0x52 ./COTS/HAL/HLCD/HLCD_progr.o
                0x00004272                HLCD_vDispString
 .text.HLCD_vDispNumber
                0x000042c4       0xdc ./COTS/HAL/HLCD/HLCD_progr.o
                0x000042c4                HLCD_vDispNumber
 .text.HLCD_vSaveCustomChar
                0x000043a0       0x64 ./COTS/HAL/HLCD/HLCD_progr.o
                0x000043a0                HLCD_vSaveCustomChar
 .text.HLCD_vGoTo
                0x00004404       0x5a ./COTS/HAL/HLCD/HLCD_progr.o
                0x00004404                HLCD_vGoTo
 .text.HLCD_vSetShiftLeftOn
                0x0000445e      0x1f4 ./COTS/HAL/HLCD/HLCD_progr.o
                0x0000445e                HLCD_vSetShiftLeftOn
 .text.HLCD_vSetDispOFF
                0x00004652      0x1f4 ./COTS/HAL/HLCD/HLCD_progr.o
                0x00004652                HLCD_vSetDispOFF
 .text.HLCD_vDispCursorWithBlinking
                0x00004846      0x1f4 ./COTS/HAL/HLCD/HLCD_progr.o
                0x00004846                HLCD_vDispCursorWithBlinking
 .text.HLCD_vSetCursorBlinkingOFF
                0x00004a3a      0x1f4 ./COTS/HAL/HLCD/HLCD_progr.o
                0x00004a3a                HLCD_vSetCursorBlinkingOFF
 .text.HLCD_vDispShiftLeftString
                0x00004c2e      0x16e ./COTS/HAL/HLCD/HLCD_progr.o
                0x00004c2e                HLCD_vDispShiftLeftString
 .text.HKEYPAD_vInit
                0x00004d9c       0x1e ./COTS/HAL/HKEYPAD/HKEYPAD_prog.o
                0x00004d9c                HKEYPAD_vInit
 .text.HKEYPAD_u8Getpressed
                0x00004dba      0x190 ./COTS/HAL/HKEYPAD/HKEYPAD_prog.o
                0x00004dba                HKEYPAD_u8Getpressed
 .text.HEEPROM_vWriteByte
                0x00004f4a       0x60 ./COTS/HAL/HEEPROM/HEEPROM_program.o
                0x00004f4a                HEEPROM_vWriteByte
 .text.HEEPROM_u8ReadByte
                0x00004faa       0x72 ./COTS/HAL/HEEPROM/HEEPROM_program.o
                0x00004faa                HEEPROM_u8ReadByte
 .text.HDCM_vRotateMotor
                0x0000501c       0x86 ./COTS/HAL/HDCM/HDCM_program.o
                0x0000501c                HDCM_vRotateMotor
 .text.HDCM_vRotate_CW
                0x000050a2        0xe ./COTS/HAL/HDCM/HDCM_program.o
                0x000050a2                HDCM_vRotate_CW
 .text.HDCM_vRotate_CCW
                0x000050b0        0xe ./COTS/HAL/HDCM/HDCM_program.o
                0x000050b0                HDCM_vRotate_CCW
 .text.HDCM_vStopMotor
                0x000050be       0x32 ./COTS/HAL/HDCM/HDCM_program.o
                0x000050be                HDCM_vStopMotor
 .text.main     0x000050f0      0x144 ./COTS/APP/main.o
                0x000050f0                main
 .text.libgcc   0x00005234       0x26 d:/imt_avr/embedded system/sdk/imt_sdk_win_64/winavr/bin/../lib/gcc/avr/4.3.3/avr5\libgcc.a(_divmodhi4.o)
                0x00005234                __divmodhi4
                0x00005234                _div
 .text.libgcc   0x0000525a        0x0 d:/imt_avr/embedded system/sdk/imt_sdk_win_64/winavr/bin/../lib/gcc/avr/4.3.3/avr5\libgcc.a(_exit.o)
 .text.libgcc   0x0000525a        0x0 d:/imt_avr/embedded system/sdk/imt_sdk_win_64/winavr/bin/../lib/gcc/avr/4.3.3/avr5\libgcc.a(_copy_data.o)
 .text.libgcc   0x0000525a        0x0 d:/imt_avr/embedded system/sdk/imt_sdk_win_64/winavr/bin/../lib/gcc/avr/4.3.3/avr5\libgcc.a(_clear_bss.o)
 .text.libgcc   0x0000525a       0x28 d:/imt_avr/embedded system/sdk/imt_sdk_win_64/winavr/bin/../lib/gcc/avr/4.3.3/avr5\libgcc.a(_udivmodhi4.o)
                0x0000525a                __udivmodhi4
 .text.libgcc   0x00005282       0x38 d:/imt_avr/embedded system/sdk/imt_sdk_win_64/winavr/bin/../lib/gcc/avr/4.3.3/avr5\libgcc.a(_prologue.o)
                0x00005282                __prologue_saves__
 .text.libgcc   0x000052ba       0x36 d:/imt_avr/embedded system/sdk/imt_sdk_win_64/winavr/bin/../lib/gcc/avr/4.3.3/avr5\libgcc.a(_epilogue.o)
                0x000052ba                __epilogue_restores__
 .text.avr-libc
                0x000052f0       0x12 d:/imt_avr/embedded system/sdk/imt_sdk_win_64/winavr/bin/../lib/gcc/avr/4.3.3/../../../../avr/lib/avr5\libc.a(strcmp.o)
                0x000052f0                strcmp
                0x00005302                . = ALIGN (0x2)
 *(.fini9)
 .fini9         0x00005302        0x0 d:/imt_avr/embedded system/sdk/imt_sdk_win_64/winavr/bin/../lib/gcc/avr/4.3.3/avr5\libgcc.a(_exit.o)
                0x00005302                exit
                0x00005302                _exit
 *(.fini9)
 *(.fini8)
 *(.fini8)
 *(.fini7)
 *(.fini7)
 *(.fini6)
 *(.fini6)
 *(.fini5)
 *(.fini5)
 *(.fini4)
 *(.fini4)
 *(.fini3)
 *(.fini3)
 *(.fini2)
 *(.fini2)
 *(.fini1)
 *(.fini1)
 *(.fini0)
 .fini0         0x00005302        0x4 d:/imt_avr/embedded system/sdk/imt_sdk_win_64/winavr/bin/../lib/gcc/avr/4.3.3/avr5\libgcc.a(_exit.o)
 *(.fini0)
                0x00005306                _etext = .

.data           0x00800060       0x22 load address 0x00005306
                0x00800060                PROVIDE (__data_start, .)
 *(.data)
 .data          0x00800060        0x0 d:/imt_avr/embedded system/sdk/imt_sdk_win_64/winavr/bin/../lib/gcc/avr/4.3.3/../../../../avr/lib/avr5/crtm32.o
 .data          0x00800060        0x0 ./COTS/MCAL/MWatchDogTimer/MWatchDogTimer_program.o
 .data          0x00800060        0x0 ./COTS/MCAL/MUART/MUART_program.o
 .data          0x00800060        0x0 ./COTS/MCAL/MTimers/MTimers_program.o
 .data          0x00800060        0x0 ./COTS/MCAL/MSPI/MSPI_program.o
 .data          0x00800060        0x0 ./COTS/MCAL/MI2C/MI2C_program.o
 .data          0x00800060        0x0 ./COTS/MCAL/MGIE/MGIE_program.o
 .data          0x00800060        0x0 ./COTS/MCAL/MEXTI/MEXTI_program.o
 .data          0x00800060        0x0 ./COTS/MCAL/MDIO/MDIO_prog.o
 .data          0x00800060        0x0 ./COTS/MCAL/MADC/MADC_program.o
 .data          0x00800060        0x0 ./COTS/HAL/HSSD/HSSD_prog.o
 .data          0x00800060        0x0 ./COTS/HAL/HLM35/HLM35_program.o
 .data          0x00800060        0x0 ./COTS/HAL/HLDR/HLDR_program.o
 .data          0x00800060        0x0 ./COTS/HAL/HLCD/HLCD_progr.o
 .data          0x00800060        0x0 ./COTS/HAL/HKEYPAD/HKEYPAD_prog.o
 .data          0x00800060        0x0 ./COTS/HAL/HEEPROM/HEEPROM_program.o
 .data          0x00800060        0x0 ./COTS/HAL/HDCM/HDCM_program.o
 .data          0x00800060        0x0 ./COTS/APP/main.o
 .data          0x00800060        0x0 d:/imt_avr/embedded system/sdk/imt_sdk_win_64/winavr/bin/../lib/gcc/avr/4.3.3/avr5\libgcc.a(_divmodhi4.o)
 .data          0x00800060        0x0 d:/imt_avr/embedded system/sdk/imt_sdk_win_64/winavr/bin/../lib/gcc/avr/4.3.3/avr5\libgcc.a(_exit.o)
 .data          0x00800060        0x0 d:/imt_avr/embedded system/sdk/imt_sdk_win_64/winavr/bin/../lib/gcc/avr/4.3.3/avr5\libgcc.a(_copy_data.o)
 .data          0x00800060        0x0 d:/imt_avr/embedded system/sdk/imt_sdk_win_64/winavr/bin/../lib/gcc/avr/4.3.3/avr5\libgcc.a(_clear_bss.o)
 .data          0x00800060        0x0 d:/imt_avr/embedded system/sdk/imt_sdk_win_64/winavr/bin/../lib/gcc/avr/4.3.3/avr5\libgcc.a(_fixunssfsi.o)
 .data          0x00800060        0x0 d:/imt_avr/embedded system/sdk/imt_sdk_win_64/winavr/bin/../lib/gcc/avr/4.3.3/avr5\libgcc.a(_addsub_sf.o)
 .data          0x00800060        0x0 d:/imt_avr/embedded system/sdk/imt_sdk_win_64/winavr/bin/../lib/gcc/avr/4.3.3/avr5\libgcc.a(_mul_sf.o)
 .data          0x00800060        0x0 d:/imt_avr/embedded system/sdk/imt_sdk_win_64/winavr/bin/../lib/gcc/avr/4.3.3/avr5\libgcc.a(_div_sf.o)
 .data          0x00800060        0x0 d:/imt_avr/embedded system/sdk/imt_sdk_win_64/winavr/bin/../lib/gcc/avr/4.3.3/avr5\libgcc.a(_gt_sf.o)
 .data          0x00800060        0x0 d:/imt_avr/embedded system/sdk/imt_sdk_win_64/winavr/bin/../lib/gcc/avr/4.3.3/avr5\libgcc.a(_ge_sf.o)
 .data          0x00800060        0x0 d:/imt_avr/embedded system/sdk/imt_sdk_win_64/winavr/bin/../lib/gcc/avr/4.3.3/avr5\libgcc.a(_lt_sf.o)
 .data          0x00800060        0x0 d:/imt_avr/embedded system/sdk/imt_sdk_win_64/winavr/bin/../lib/gcc/avr/4.3.3/avr5\libgcc.a(_sf_to_si.o)
 .data          0x00800060        0x8 d:/imt_avr/embedded system/sdk/imt_sdk_win_64/winavr/bin/../lib/gcc/avr/4.3.3/avr5\libgcc.a(_thenan_sf.o)
                0x00800060                __thenan_sf
 .data          0x00800068        0x0 d:/imt_avr/embedded system/sdk/imt_sdk_win_64/winavr/bin/../lib/gcc/avr/4.3.3/avr5\libgcc.a(_udivmodhi4.o)
 .data          0x00800068        0x0 d:/imt_avr/embedded system/sdk/imt_sdk_win_64/winavr/bin/../lib/gcc/avr/4.3.3/avr5\libgcc.a(_prologue.o)
 .data          0x00800068        0x0 d:/imt_avr/embedded system/sdk/imt_sdk_win_64/winavr/bin/../lib/gcc/avr/4.3.3/avr5\libgcc.a(_epilogue.o)
 .data          0x00800068        0x0 d:/imt_avr/embedded system/sdk/imt_sdk_win_64/winavr/bin/../lib/gcc/avr/4.3.3/avr5\libgcc.a(_pack_sf.o)
 .data          0x00800068        0x0 d:/imt_avr/embedded system/sdk/imt_sdk_win_64/winavr/bin/../lib/gcc/avr/4.3.3/avr5\libgcc.a(_unpack_sf.o)
 .data          0x00800068        0x0 d:/imt_avr/embedded system/sdk/imt_sdk_win_64/winavr/bin/../lib/gcc/avr/4.3.3/avr5\libgcc.a(_fpcmp_parts_sf.o)
 .data          0x00800068        0x0 d:/imt_avr/embedded system/sdk/imt_sdk_win_64/winavr/bin/../lib/gcc/avr/4.3.3/../../../../avr/lib/avr5\libc.a(strcmp.o)
 *(.data*)
 .data.kmap     0x00800068       0x10 ./COTS/HAL/HKEYPAD/HKEYPAD_prog.o
                0x00800068                kmap
 *(.rodata)
 *(.rodata*)
 .rodata.SCG_u8SSD_Nums
                0x00800078        0xa ./COTS/HAL/HSSD/HSSD_prog.o
 *(.gnu.linkonce.d*)
                0x00800082                . = ALIGN (0x2)
                0x00800082                _edata = .
                0x00800082                PROVIDE (__data_end, .)

.bss            0x00800082       0x26
                0x00800082                PROVIDE (__bss_start, .)
 *(.bss)
 .bss           0x00800082        0x0 d:/imt_avr/embedded system/sdk/imt_sdk_win_64/winavr/bin/../lib/gcc/avr/4.3.3/../../../../avr/lib/avr5/crtm32.o
 .bss           0x00800082        0x0 ./COTS/MCAL/MWatchDogTimer/MWatchDogTimer_program.o
 .bss           0x00800082        0x0 ./COTS/MCAL/MUART/MUART_program.o
 .bss           0x00800082        0x0 ./COTS/MCAL/MTimers/MTimers_program.o
 .bss           0x00800082        0x0 ./COTS/MCAL/MSPI/MSPI_program.o
 .bss           0x00800082        0x0 ./COTS/MCAL/MI2C/MI2C_program.o
 .bss           0x00800082        0x0 ./COTS/MCAL/MGIE/MGIE_program.o
 .bss           0x00800082        0x0 ./COTS/MCAL/MEXTI/MEXTI_program.o
 .bss           0x00800082        0x0 ./COTS/MCAL/MDIO/MDIO_prog.o
 .bss           0x00800082        0x0 ./COTS/MCAL/MADC/MADC_program.o
 .bss           0x00800082        0x0 ./COTS/HAL/HSSD/HSSD_prog.o
 .bss           0x00800082        0x0 ./COTS/HAL/HLM35/HLM35_program.o
 .bss           0x00800082        0x0 ./COTS/HAL/HLDR/HLDR_program.o
 .bss           0x00800082        0x0 ./COTS/HAL/HLCD/HLCD_progr.o
 .bss           0x00800082        0x0 ./COTS/HAL/HKEYPAD/HKEYPAD_prog.o
 .bss           0x00800082        0x0 ./COTS/HAL/HEEPROM/HEEPROM_program.o
 .bss           0x00800082        0x0 ./COTS/HAL/HDCM/HDCM_program.o
 .bss           0x00800082        0x0 ./COTS/APP/main.o
 .bss           0x00800082        0x0 d:/imt_avr/embedded system/sdk/imt_sdk_win_64/winavr/bin/../lib/gcc/avr/4.3.3/avr5\libgcc.a(_divmodhi4.o)
 .bss           0x00800082        0x0 d:/imt_avr/embedded system/sdk/imt_sdk_win_64/winavr/bin/../lib/gcc/avr/4.3.3/avr5\libgcc.a(_exit.o)
 .bss           0x00800082        0x0 d:/imt_avr/embedded system/sdk/imt_sdk_win_64/winavr/bin/../lib/gcc/avr/4.3.3/avr5\libgcc.a(_copy_data.o)
 .bss           0x00800082        0x0 d:/imt_avr/embedded system/sdk/imt_sdk_win_64/winavr/bin/../lib/gcc/avr/4.3.3/avr5\libgcc.a(_clear_bss.o)
 .bss           0x00800082        0x0 d:/imt_avr/embedded system/sdk/imt_sdk_win_64/winavr/bin/../lib/gcc/avr/4.3.3/avr5\libgcc.a(_fixunssfsi.o)
 .bss           0x00800082        0x0 d:/imt_avr/embedded system/sdk/imt_sdk_win_64/winavr/bin/../lib/gcc/avr/4.3.3/avr5\libgcc.a(_addsub_sf.o)
 .bss           0x00800082        0x0 d:/imt_avr/embedded system/sdk/imt_sdk_win_64/winavr/bin/../lib/gcc/avr/4.3.3/avr5\libgcc.a(_mul_sf.o)
 .bss           0x00800082        0x0 d:/imt_avr/embedded system/sdk/imt_sdk_win_64/winavr/bin/../lib/gcc/avr/4.3.3/avr5\libgcc.a(_div_sf.o)
 .bss           0x00800082        0x0 d:/imt_avr/embedded system/sdk/imt_sdk_win_64/winavr/bin/../lib/gcc/avr/4.3.3/avr5\libgcc.a(_gt_sf.o)
 .bss           0x00800082        0x0 d:/imt_avr/embedded system/sdk/imt_sdk_win_64/winavr/bin/../lib/gcc/avr/4.3.3/avr5\libgcc.a(_ge_sf.o)
 .bss           0x00800082        0x0 d:/imt_avr/embedded system/sdk/imt_sdk_win_64/winavr/bin/../lib/gcc/avr/4.3.3/avr5\libgcc.a(_lt_sf.o)
 .bss           0x00800082        0x0 d:/imt_avr/embedded system/sdk/imt_sdk_win_64/winavr/bin/../lib/gcc/avr/4.3.3/avr5\libgcc.a(_sf_to_si.o)
 .bss           0x00800082        0x0 d:/imt_avr/embedded system/sdk/imt_sdk_win_64/winavr/bin/../lib/gcc/avr/4.3.3/avr5\libgcc.a(_thenan_sf.o)
 .bss           0x00800082        0x0 d:/imt_avr/embedded system/sdk/imt_sdk_win_64/winavr/bin/../lib/gcc/avr/4.3.3/avr5\libgcc.a(_udivmodhi4.o)
 .bss           0x00800082        0x0 d:/imt_avr/embedded system/sdk/imt_sdk_win_64/winavr/bin/../lib/gcc/avr/4.3.3/avr5\libgcc.a(_prologue.o)
 .bss           0x00800082        0x0 d:/imt_avr/embedded system/sdk/imt_sdk_win_64/winavr/bin/../lib/gcc/avr/4.3.3/avr5\libgcc.a(_epilogue.o)
 .bss           0x00800082        0x0 d:/imt_avr/embedded system/sdk/imt_sdk_win_64/winavr/bin/../lib/gcc/avr/4.3.3/avr5\libgcc.a(_pack_sf.o)
 .bss           0x00800082        0x0 d:/imt_avr/embedded system/sdk/imt_sdk_win_64/winavr/bin/../lib/gcc/avr/4.3.3/avr5\libgcc.a(_unpack_sf.o)
 .bss           0x00800082        0x0 d:/imt_avr/embedded system/sdk/imt_sdk_win_64/winavr/bin/../lib/gcc/avr/4.3.3/avr5\libgcc.a(_fpcmp_parts_sf.o)
 .bss           0x00800082        0x0 d:/imt_avr/embedded system/sdk/imt_sdk_win_64/winavr/bin/../lib/gcc/avr/4.3.3/../../../../avr/lib/avr5\libc.a(strcmp.o)
 *(.bss*)
 .bss.GS_Global_UART_CallBack
                0x00800082        0x6 ./COTS/MCAL/MUART/MUART_program.o
 .bss.GS_TIMER0_vpPtrToFunction
                0x00800088        0x4 ./COTS/MCAL/MTimers/MTimers_program.o
 .bss.GS_TIMER1_vpPtrToFunction
                0x0080008c        0x8 ./COTS/MCAL/MTimers/MTimers_program.o
 .bss.GS_TIMER2_vpPtrToFunction
                0x00800094        0x4 ./COTS/MCAL/MTimers/MTimers_program.o
 .bss.G_u32IntervalCounts
                0x00800098        0x2 ./COTS/MCAL/MTimers/MTimers_program.o
                0x00800098                G_u32IntervalCounts
 .bss.LS_u32OVF_Counter.1712
                0x0080009a        0x2 ./COTS/MCAL/MTimers/MTimers_program.o
 .bss.LS_u32CTC_Counter.1728
                0x0080009c        0x2 ./COTS/MCAL/MTimers/MTimers_program.o
 .bss.GS_Global_SPI_CallBack
                0x0080009e        0x2 ./COTS/MCAL/MSPI/MSPI_program.o
 .bss.MEXTI_vpPointerTo_INT0_function
                0x008000a0        0x2 ./COTS/MCAL/MEXTI/MEXTI_program.o
                0x008000a0                MEXTI_vpPointerTo_INT0_function
 .bss.MEXTI_vpPointerTo_INT1_function
                0x008000a2        0x2 ./COTS/MCAL/MEXTI/MEXTI_program.o
                0x008000a2                MEXTI_vpPointerTo_INT1_function
 .bss.MEXTI_vpPointerTo_INT2_function
                0x008000a4        0x2 ./COTS/MCAL/MEXTI/MEXTI_program.o
                0x008000a4                MEXTI_vpPointerTo_INT2_function
 .bss.MADC_vpPointerToFunction
                0x008000a6        0x2 ./COTS/MCAL/MADC/MADC_program.o
                0x008000a6                MADC_vpPointerToFunction
 *(COMMON)
                0x008000a8                PROVIDE (__bss_end, .)
                0x00005306                __data_load_start = LOADADDR (.data)
                0x00005328                __data_load_end = (__data_load_start + SIZEOF (.data))

.noinit         0x008000a8        0x0
                0x008000a8                PROVIDE (__noinit_start, .)
 *(.noinit*)
                0x008000a8                PROVIDE (__noinit_end, .)
                0x008000a8                _end = .
                0x008000a8                PROVIDE (__heap_start, .)

.eeprom         0x00810000        0x0
 *(.eeprom*)
                0x00810000                __eeprom_end = .

.fuse
 *(.fuse)
 *(.lfuse)
 *(.hfuse)
 *(.efuse)

.lock
 *(.lock*)

.signature
 *(.signature*)

.stab           0x00000000     0x5c88
 *(.stab)
 .stab          0x00000000      0x1ec ./COTS/MCAL/MWatchDogTimer/MWatchDogTimer_program.o
 .stab          0x000001ec      0x6e4 ./COTS/MCAL/MUART/MUART_program.o
                                0x6f0 (size before relaxing)
 .stab          0x000008d0      0xd68 ./COTS/MCAL/MTimers/MTimers_program.o
                                0xd74 (size before relaxing)
 .stab          0x00001638      0x4b0 ./COTS/MCAL/MSPI/MSPI_program.o
                                0x4bc (size before relaxing)
 .stab          0x00001ae8      0x5ac ./COTS/MCAL/MI2C/MI2C_program.o
                                0x5b8 (size before relaxing)
 .stab          0x00002094      0x1bc ./COTS/MCAL/MGIE/MGIE_program.o
                                0x1c8 (size before relaxing)
 .stab          0x00002250      0x3d8 ./COTS/MCAL/MEXTI/MEXTI_program.o
                                0x3e4 (size before relaxing)
 .stab          0x00002628      0x6a8 ./COTS/MCAL/MDIO/MDIO_prog.o
                                0x6b4 (size before relaxing)
 .stab          0x00002cd0      0x30c ./COTS/MCAL/MADC/MADC_program.o
                                0x318 (size before relaxing)
 .stab          0x00002fdc      0x204 ./COTS/HAL/HSSD/HSSD_prog.o
                                0x210 (size before relaxing)
 .stab          0x000031e0      0x1f8 ./COTS/HAL/HLM35/HLM35_program.o
                                0x204 (size before relaxing)
 .stab          0x000033d8       0xd8 ./COTS/HAL/HLDR/HLDR_program.o
                                 0xe4 (size before relaxing)
 .stab          0x000034b0     0x1b24 ./COTS/HAL/HLCD/HLCD_progr.o
                               0x1b30 (size before relaxing)
 .stab          0x00004fd4      0x390 ./COTS/HAL/HKEYPAD/HKEYPAD_prog.o
                                0x528 (size before relaxing)
 .stab          0x00005364      0x384 ./COTS/HAL/HEEPROM/HEEPROM_program.o
                                0x390 (size before relaxing)
 .stab          0x000056e8      0x294 ./COTS/HAL/HDCM/HDCM_program.o
                                0x2a0 (size before relaxing)
 .stab          0x0000597c      0x30c ./COTS/APP/main.o
                                0x4a4 (size before relaxing)

.stabstr        0x00000000     0x2140
 *(.stabstr)
 .stabstr       0x00000000     0x2140 ./COTS/MCAL/MWatchDogTimer/MWatchDogTimer_program.o

.stab.excl
 *(.stab.excl)

.stab.exclstr
 *(.stab.exclstr)

.stab.index
 *(.stab.index)

.stab.indexstr
 *(.stab.indexstr)

.comment
 *(.comment)

.debug
 *(.debug)

.line
 *(.line)

.debug_srcinfo
 *(.debug_srcinfo)

.debug_sfnames
 *(.debug_sfnames)

.debug_aranges  0x00000000      0x160
 *(.debug_aranges)
 .debug_aranges
                0x00000000       0x20 d:/imt_avr/embedded system/sdk/imt_sdk_win_64/winavr/bin/../lib/gcc/avr/4.3.3/avr5\libgcc.a(_fixunssfsi.o)
 .debug_aranges
                0x00000020       0x20 d:/imt_avr/embedded system/sdk/imt_sdk_win_64/winavr/bin/../lib/gcc/avr/4.3.3/avr5\libgcc.a(_addsub_sf.o)
 .debug_aranges
                0x00000040       0x20 d:/imt_avr/embedded system/sdk/imt_sdk_win_64/winavr/bin/../lib/gcc/avr/4.3.3/avr5\libgcc.a(_mul_sf.o)
 .debug_aranges
                0x00000060       0x20 d:/imt_avr/embedded system/sdk/imt_sdk_win_64/winavr/bin/../lib/gcc/avr/4.3.3/avr5\libgcc.a(_div_sf.o)
 .debug_aranges
                0x00000080       0x20 d:/imt_avr/embedded system/sdk/imt_sdk_win_64/winavr/bin/../lib/gcc/avr/4.3.3/avr5\libgcc.a(_gt_sf.o)
 .debug_aranges
                0x000000a0       0x20 d:/imt_avr/embedded system/sdk/imt_sdk_win_64/winavr/bin/../lib/gcc/avr/4.3.3/avr5\libgcc.a(_ge_sf.o)
 .debug_aranges
                0x000000c0       0x20 d:/imt_avr/embedded system/sdk/imt_sdk_win_64/winavr/bin/../lib/gcc/avr/4.3.3/avr5\libgcc.a(_lt_sf.o)
 .debug_aranges
                0x000000e0       0x20 d:/imt_avr/embedded system/sdk/imt_sdk_win_64/winavr/bin/../lib/gcc/avr/4.3.3/avr5\libgcc.a(_sf_to_si.o)
 .debug_aranges
                0x00000100       0x20 d:/imt_avr/embedded system/sdk/imt_sdk_win_64/winavr/bin/../lib/gcc/avr/4.3.3/avr5\libgcc.a(_pack_sf.o)
 .debug_aranges
                0x00000120       0x20 d:/imt_avr/embedded system/sdk/imt_sdk_win_64/winavr/bin/../lib/gcc/avr/4.3.3/avr5\libgcc.a(_unpack_sf.o)
 .debug_aranges
                0x00000140       0x20 d:/imt_avr/embedded system/sdk/imt_sdk_win_64/winavr/bin/../lib/gcc/avr/4.3.3/avr5\libgcc.a(_fpcmp_parts_sf.o)

.debug_pubnames
                0x00000000      0x18f
 *(.debug_pubnames)
 .debug_pubnames
                0x00000000       0x23 d:/imt_avr/embedded system/sdk/imt_sdk_win_64/winavr/bin/../lib/gcc/avr/4.3.3/avr5\libgcc.a(_fixunssfsi.o)
 .debug_pubnames
                0x00000023       0x2c d:/imt_avr/embedded system/sdk/imt_sdk_win_64/winavr/bin/../lib/gcc/avr/4.3.3/avr5\libgcc.a(_addsub_sf.o)
 .debug_pubnames
                0x0000004f       0x1f d:/imt_avr/embedded system/sdk/imt_sdk_win_64/winavr/bin/../lib/gcc/avr/4.3.3/avr5\libgcc.a(_mul_sf.o)
 .debug_pubnames
                0x0000006e       0x1f d:/imt_avr/embedded system/sdk/imt_sdk_win_64/winavr/bin/../lib/gcc/avr/4.3.3/avr5\libgcc.a(_div_sf.o)
 .debug_pubnames
                0x0000008d       0x1e d:/imt_avr/embedded system/sdk/imt_sdk_win_64/winavr/bin/../lib/gcc/avr/4.3.3/avr5\libgcc.a(_gt_sf.o)
 .debug_pubnames
                0x000000ab       0x1e d:/imt_avr/embedded system/sdk/imt_sdk_win_64/winavr/bin/../lib/gcc/avr/4.3.3/avr5\libgcc.a(_ge_sf.o)
 .debug_pubnames
                0x000000c9       0x1e d:/imt_avr/embedded system/sdk/imt_sdk_win_64/winavr/bin/../lib/gcc/avr/4.3.3/avr5\libgcc.a(_lt_sf.o)
 .debug_pubnames
                0x000000e7       0x20 d:/imt_avr/embedded system/sdk/imt_sdk_win_64/winavr/bin/../lib/gcc/avr/4.3.3/avr5\libgcc.a(_sf_to_si.o)
 .debug_pubnames
                0x00000107       0x22 d:/imt_avr/embedded system/sdk/imt_sdk_win_64/winavr/bin/../lib/gcc/avr/4.3.3/avr5\libgcc.a(_thenan_sf.o)
 .debug_pubnames
                0x00000129       0x1f d:/imt_avr/embedded system/sdk/imt_sdk_win_64/winavr/bin/../lib/gcc/avr/4.3.3/avr5\libgcc.a(_pack_sf.o)
 .debug_pubnames
                0x00000148       0x21 d:/imt_avr/embedded system/sdk/imt_sdk_win_64/winavr/bin/../lib/gcc/avr/4.3.3/avr5\libgcc.a(_unpack_sf.o)
 .debug_pubnames
                0x00000169       0x26 d:/imt_avr/embedded system/sdk/imt_sdk_win_64/winavr/bin/../lib/gcc/avr/4.3.3/avr5\libgcc.a(_fpcmp_parts_sf.o)

.debug_info     0x00000000     0x2045
 *(.debug_info)
 .debug_info    0x00000000       0xb1 d:/imt_avr/embedded system/sdk/imt_sdk_win_64/winavr/bin/../lib/gcc/avr/4.3.3/avr5\libgcc.a(_fixunssfsi.o)
 .debug_info    0x000000b1      0x47a d:/imt_avr/embedded system/sdk/imt_sdk_win_64/winavr/bin/../lib/gcc/avr/4.3.3/avr5\libgcc.a(_addsub_sf.o)
 .debug_info    0x0000052b      0x485 d:/imt_avr/embedded system/sdk/imt_sdk_win_64/winavr/bin/../lib/gcc/avr/4.3.3/avr5\libgcc.a(_mul_sf.o)
 .debug_info    0x000009b0      0x3fc d:/imt_avr/embedded system/sdk/imt_sdk_win_64/winavr/bin/../lib/gcc/avr/4.3.3/avr5\libgcc.a(_div_sf.o)
 .debug_info    0x00000dac      0x27f d:/imt_avr/embedded system/sdk/imt_sdk_win_64/winavr/bin/../lib/gcc/avr/4.3.3/avr5\libgcc.a(_gt_sf.o)
 .debug_info    0x0000102b      0x27f d:/imt_avr/embedded system/sdk/imt_sdk_win_64/winavr/bin/../lib/gcc/avr/4.3.3/avr5\libgcc.a(_ge_sf.o)
 .debug_info    0x000012aa      0x27f d:/imt_avr/embedded system/sdk/imt_sdk_win_64/winavr/bin/../lib/gcc/avr/4.3.3/avr5\libgcc.a(_lt_sf.o)
 .debug_info    0x00001529      0x2b0 d:/imt_avr/embedded system/sdk/imt_sdk_win_64/winavr/bin/../lib/gcc/avr/4.3.3/avr5\libgcc.a(_sf_to_si.o)
 .debug_info    0x000017d9      0x12c d:/imt_avr/embedded system/sdk/imt_sdk_win_64/winavr/bin/../lib/gcc/avr/4.3.3/avr5\libgcc.a(_thenan_sf.o)
 .debug_info    0x00001905      0x2df d:/imt_avr/embedded system/sdk/imt_sdk_win_64/winavr/bin/../lib/gcc/avr/4.3.3/avr5\libgcc.a(_pack_sf.o)
 .debug_info    0x00001be4      0x251 d:/imt_avr/embedded system/sdk/imt_sdk_win_64/winavr/bin/../lib/gcc/avr/4.3.3/avr5\libgcc.a(_unpack_sf.o)
 .debug_info    0x00001e35      0x210 d:/imt_avr/embedded system/sdk/imt_sdk_win_64/winavr/bin/../lib/gcc/avr/4.3.3/avr5\libgcc.a(_fpcmp_parts_sf.o)
 *(.gnu.linkonce.wi.*)

.debug_abbrev   0x00000000     0x1101
 *(.debug_abbrev)
 .debug_abbrev  0x00000000       0x5d d:/imt_avr/embedded system/sdk/imt_sdk_win_64/winavr/bin/../lib/gcc/avr/4.3.3/avr5\libgcc.a(_fixunssfsi.o)
 .debug_abbrev  0x0000005d      0x1ea d:/imt_avr/embedded system/sdk/imt_sdk_win_64/winavr/bin/../lib/gcc/avr/4.3.3/avr5\libgcc.a(_addsub_sf.o)
 .debug_abbrev  0x00000247      0x21b d:/imt_avr/embedded system/sdk/imt_sdk_win_64/winavr/bin/../lib/gcc/avr/4.3.3/avr5\libgcc.a(_mul_sf.o)
 .debug_abbrev  0x00000462      0x216 d:/imt_avr/embedded system/sdk/imt_sdk_win_64/winavr/bin/../lib/gcc/avr/4.3.3/avr5\libgcc.a(_div_sf.o)
 .debug_abbrev  0x00000678      0x15a d:/imt_avr/embedded system/sdk/imt_sdk_win_64/winavr/bin/../lib/gcc/avr/4.3.3/avr5\libgcc.a(_gt_sf.o)
 .debug_abbrev  0x000007d2      0x15a d:/imt_avr/embedded system/sdk/imt_sdk_win_64/winavr/bin/../lib/gcc/avr/4.3.3/avr5\libgcc.a(_ge_sf.o)
 .debug_abbrev  0x0000092c      0x15a d:/imt_avr/embedded system/sdk/imt_sdk_win_64/winavr/bin/../lib/gcc/avr/4.3.3/avr5\libgcc.a(_lt_sf.o)
 .debug_abbrev  0x00000a86      0x17f d:/imt_avr/embedded system/sdk/imt_sdk_win_64/winavr/bin/../lib/gcc/avr/4.3.3/avr5\libgcc.a(_sf_to_si.o)
 .debug_abbrev  0x00000c05       0xad d:/imt_avr/embedded system/sdk/imt_sdk_win_64/winavr/bin/../lib/gcc/avr/4.3.3/avr5\libgcc.a(_thenan_sf.o)
 .debug_abbrev  0x00000cb2      0x1c0 d:/imt_avr/embedded system/sdk/imt_sdk_win_64/winavr/bin/../lib/gcc/avr/4.3.3/avr5\libgcc.a(_pack_sf.o)
 .debug_abbrev  0x00000e72      0x154 d:/imt_avr/embedded system/sdk/imt_sdk_win_64/winavr/bin/../lib/gcc/avr/4.3.3/avr5\libgcc.a(_unpack_sf.o)
 .debug_abbrev  0x00000fc6      0x13b d:/imt_avr/embedded system/sdk/imt_sdk_win_64/winavr/bin/../lib/gcc/avr/4.3.3/avr5\libgcc.a(_fpcmp_parts_sf.o)

.debug_line     0x00000000      0xf82
 *(.debug_line)
 .debug_line    0x00000000       0xa7 d:/imt_avr/embedded system/sdk/imt_sdk_win_64/winavr/bin/../lib/gcc/avr/4.3.3/avr5\libgcc.a(_fixunssfsi.o)
 .debug_line    0x000000a7      0x2af d:/imt_avr/embedded system/sdk/imt_sdk_win_64/winavr/bin/../lib/gcc/avr/4.3.3/avr5\libgcc.a(_addsub_sf.o)
 .debug_line    0x00000356      0x239 d:/imt_avr/embedded system/sdk/imt_sdk_win_64/winavr/bin/../lib/gcc/avr/4.3.3/avr5\libgcc.a(_mul_sf.o)
 .debug_line    0x0000058f      0x1d5 d:/imt_avr/embedded system/sdk/imt_sdk_win_64/winavr/bin/../lib/gcc/avr/4.3.3/avr5\libgcc.a(_div_sf.o)
 .debug_line    0x00000764       0xd3 d:/imt_avr/embedded system/sdk/imt_sdk_win_64/winavr/bin/../lib/gcc/avr/4.3.3/avr5\libgcc.a(_gt_sf.o)
 .debug_line    0x00000837       0xd3 d:/imt_avr/embedded system/sdk/imt_sdk_win_64/winavr/bin/../lib/gcc/avr/4.3.3/avr5\libgcc.a(_ge_sf.o)
 .debug_line    0x0000090a       0xd3 d:/imt_avr/embedded system/sdk/imt_sdk_win_64/winavr/bin/../lib/gcc/avr/4.3.3/avr5\libgcc.a(_lt_sf.o)
 .debug_line    0x000009dd      0x109 d:/imt_avr/embedded system/sdk/imt_sdk_win_64/winavr/bin/../lib/gcc/avr/4.3.3/avr5\libgcc.a(_sf_to_si.o)
 .debug_line    0x00000ae6       0x90 d:/imt_avr/embedded system/sdk/imt_sdk_win_64/winavr/bin/../lib/gcc/avr/4.3.3/avr5\libgcc.a(_thenan_sf.o)
 .debug_line    0x00000b76      0x18a d:/imt_avr/embedded system/sdk/imt_sdk_win_64/winavr/bin/../lib/gcc/avr/4.3.3/avr5\libgcc.a(_pack_sf.o)
 .debug_line    0x00000d00      0x14b d:/imt_avr/embedded system/sdk/imt_sdk_win_64/winavr/bin/../lib/gcc/avr/4.3.3/avr5\libgcc.a(_unpack_sf.o)
 .debug_line    0x00000e4b      0x137 d:/imt_avr/embedded system/sdk/imt_sdk_win_64/winavr/bin/../lib/gcc/avr/4.3.3/avr5\libgcc.a(_fpcmp_parts_sf.o)

.debug_frame    0x00000000      0x180
 *(.debug_frame)
 .debug_frame   0x00000000       0x20 d:/imt_avr/embedded system/sdk/imt_sdk_win_64/winavr/bin/../lib/gcc/avr/4.3.3/avr5\libgcc.a(_fixunssfsi.o)
 .debug_frame   0x00000020       0x40 d:/imt_avr/embedded system/sdk/imt_sdk_win_64/winavr/bin/../lib/gcc/avr/4.3.3/avr5\libgcc.a(_addsub_sf.o)
 .debug_frame   0x00000060       0x20 d:/imt_avr/embedded system/sdk/imt_sdk_win_64/winavr/bin/../lib/gcc/avr/4.3.3/avr5\libgcc.a(_mul_sf.o)
 .debug_frame   0x00000080       0x20 d:/imt_avr/embedded system/sdk/imt_sdk_win_64/winavr/bin/../lib/gcc/avr/4.3.3/avr5\libgcc.a(_div_sf.o)
 .debug_frame   0x000000a0       0x20 d:/imt_avr/embedded system/sdk/imt_sdk_win_64/winavr/bin/../lib/gcc/avr/4.3.3/avr5\libgcc.a(_gt_sf.o)
 .debug_frame   0x000000c0       0x20 d:/imt_avr/embedded system/sdk/imt_sdk_win_64/winavr/bin/../lib/gcc/avr/4.3.3/avr5\libgcc.a(_ge_sf.o)
 .debug_frame   0x000000e0       0x20 d:/imt_avr/embedded system/sdk/imt_sdk_win_64/winavr/bin/../lib/gcc/avr/4.3.3/avr5\libgcc.a(_lt_sf.o)
 .debug_frame   0x00000100       0x20 d:/imt_avr/embedded system/sdk/imt_sdk_win_64/winavr/bin/../lib/gcc/avr/4.3.3/avr5\libgcc.a(_sf_to_si.o)
 .debug_frame   0x00000120       0x20 d:/imt_avr/embedded system/sdk/imt_sdk_win_64/winavr/bin/../lib/gcc/avr/4.3.3/avr5\libgcc.a(_pack_sf.o)
 .debug_frame   0x00000140       0x20 d:/imt_avr/embedded system/sdk/imt_sdk_win_64/winavr/bin/../lib/gcc/avr/4.3.3/avr5\libgcc.a(_unpack_sf.o)
 .debug_frame   0x00000160       0x20 d:/imt_avr/embedded system/sdk/imt_sdk_win_64/winavr/bin/../lib/gcc/avr/4.3.3/avr5\libgcc.a(_fpcmp_parts_sf.o)

.debug_str      0x00000000      0x2c2
 *(.debug_str)
 .debug_str     0x00000000       0xbf d:/imt_avr/embedded system/sdk/imt_sdk_win_64/winavr/bin/../lib/gcc/avr/4.3.3/avr5\libgcc.a(_fixunssfsi.o)
                                 0xfe (size before relaxing)
 .debug_str     0x000000bf      0x14d d:/imt_avr/embedded system/sdk/imt_sdk_win_64/winavr/bin/../lib/gcc/avr/4.3.3/avr5\libgcc.a(_addsub_sf.o)
                                0x206 (size before relaxing)
 .debug_str     0x0000020c       0x27 d:/imt_avr/embedded system/sdk/imt_sdk_win_64/winavr/bin/../lib/gcc/avr/4.3.3/avr5\libgcc.a(_mul_sf.o)
                                0x1bf (size before relaxing)
 .debug_str     0x00000233       0x35 d:/imt_avr/embedded system/sdk/imt_sdk_win_64/winavr/bin/../lib/gcc/avr/4.3.3/avr5\libgcc.a(_div_sf.o)
                                0x1c8 (size before relaxing)
 .debug_str     0x00000268        0xf d:/imt_avr/embedded system/sdk/imt_sdk_win_64/winavr/bin/../lib/gcc/avr/4.3.3/avr5\libgcc.a(_gt_sf.o)
                                0x195 (size before relaxing)
 .debug_str     0x00000277        0x8 d:/imt_avr/embedded system/sdk/imt_sdk_win_64/winavr/bin/../lib/gcc/avr/4.3.3/avr5\libgcc.a(_ge_sf.o)
                                0x195 (size before relaxing)
 .debug_str     0x0000027f        0x8 d:/imt_avr/embedded system/sdk/imt_sdk_win_64/winavr/bin/../lib/gcc/avr/4.3.3/avr5\libgcc.a(_lt_sf.o)
                                0x195 (size before relaxing)
 .debug_str     0x00000287        0xa d:/imt_avr/embedded system/sdk/imt_sdk_win_64/winavr/bin/../lib/gcc/avr/4.3.3/avr5\libgcc.a(_sf_to_si.o)
                                0x19e (size before relaxing)
 .debug_str     0x00000000      0x103 d:/imt_avr/embedded system/sdk/imt_sdk_win_64/winavr/bin/../lib/gcc/avr/4.3.3/avr5\libgcc.a(_thenan_sf.o)
 .debug_str     0x00000291       0x16 d:/imt_avr/embedded system/sdk/imt_sdk_win_64/winavr/bin/../lib/gcc/avr/4.3.3/avr5\libgcc.a(_pack_sf.o)
                                0x19d (size before relaxing)
 .debug_str     0x000002a7        0xb d:/imt_avr/embedded system/sdk/imt_sdk_win_64/winavr/bin/../lib/gcc/avr/4.3.3/avr5\libgcc.a(_unpack_sf.o)
                                0x17f (size before relaxing)
 .debug_str     0x000002b2       0x10 d:/imt_avr/embedded system/sdk/imt_sdk_win_64/winavr/bin/../lib/gcc/avr/4.3.3/avr5\libgcc.a(_fpcmp_parts_sf.o)
                                0x163 (size before relaxing)

.debug_loc      0x00000000      0x88e
 *(.debug_loc)
 .debug_loc     0x00000000       0x34 d:/imt_avr/embedded system/sdk/imt_sdk_win_64/winavr/bin/../lib/gcc/avr/4.3.3/avr5\libgcc.a(_fixunssfsi.o)
 .debug_loc     0x00000034      0x32a d:/imt_avr/embedded system/sdk/imt_sdk_win_64/winavr/bin/../lib/gcc/avr/4.3.3/avr5\libgcc.a(_addsub_sf.o)
 .debug_loc     0x0000035e      0x104 d:/imt_avr/embedded system/sdk/imt_sdk_win_64/winavr/bin/../lib/gcc/avr/4.3.3/avr5\libgcc.a(_mul_sf.o)
 .debug_loc     0x00000462       0xc0 d:/imt_avr/embedded system/sdk/imt_sdk_win_64/winavr/bin/../lib/gcc/avr/4.3.3/avr5\libgcc.a(_div_sf.o)
 .debug_loc     0x00000522       0x3c d:/imt_avr/embedded system/sdk/imt_sdk_win_64/winavr/bin/../lib/gcc/avr/4.3.3/avr5\libgcc.a(_gt_sf.o)
 .debug_loc     0x0000055e       0x3c d:/imt_avr/embedded system/sdk/imt_sdk_win_64/winavr/bin/../lib/gcc/avr/4.3.3/avr5\libgcc.a(_ge_sf.o)
 .debug_loc     0x0000059a       0x3c d:/imt_avr/embedded system/sdk/imt_sdk_win_64/winavr/bin/../lib/gcc/avr/4.3.3/avr5\libgcc.a(_lt_sf.o)
 .debug_loc     0x000005d6       0x7e d:/imt_avr/embedded system/sdk/imt_sdk_win_64/winavr/bin/../lib/gcc/avr/4.3.3/avr5\libgcc.a(_sf_to_si.o)
 .debug_loc     0x00000654      0x13e d:/imt_avr/embedded system/sdk/imt_sdk_win_64/winavr/bin/../lib/gcc/avr/4.3.3/avr5\libgcc.a(_pack_sf.o)
 .debug_loc     0x00000792       0xac d:/imt_avr/embedded system/sdk/imt_sdk_win_64/winavr/bin/../lib/gcc/avr/4.3.3/avr5\libgcc.a(_unpack_sf.o)
 .debug_loc     0x0000083e       0x50 d:/imt_avr/embedded system/sdk/imt_sdk_win_64/winavr/bin/../lib/gcc/avr/4.3.3/avr5\libgcc.a(_fpcmp_parts_sf.o)

.debug_macinfo
 *(.debug_macinfo)
OUTPUT(PE_Drivers.elf elf32-avr)
LOAD linker stubs

.debug_ranges   0x00000000       0x50
 .debug_ranges  0x00000000       0x50 d:/imt_avr/embedded system/sdk/imt_sdk_win_64/winavr/bin/../lib/gcc/avr/4.3.3/avr5\libgcc.a(_mul_sf.o)
